12:19:28 **** Incremental Build of configuration Debug for project axi_gpio_ext_app ****
make all 
make --no-print-directory pre-build
a9-linaro-pre-build-step
' '
make --no-print-directory main-build
'Building file: ../src/helloworld.c'
'Invoking: ARM v7 gcc compiler'
arm-none-eabi-gcc -Wall -O0 -g3 -c -fmessage-length=0 -MT"src/helloworld.o" -mcpu=cortex-a9 -mfpu=vfpv3 -mfloat-abi=hard -IC:/Xilinx/ECE520/02-AXI_GPIO/axi_gpio_ext_jp/axi_gpio_ext_vitis/axi_gpio_ext_platform/export/axi_gpio_ext_platform/sw/axi_gpio_ext_platform/standalone_domain/bspinclude/include -MMD -MP -MF"src/helloworld.d" -MT"src/helloworld.o" -o "src/helloworld.o" "../src/helloworld.c"
'Finished building: ../src/helloworld.c'
' '
'Building target: axi_gpio_ext_app.elf'
'Invoking: ARM v7 gcc linker'
arm-none-eabi-gcc -mcpu=cortex-a9 -mfpu=vfpv3 -mfloat-abi=hard -Wl,-build-id=none -specs=Xilinx.spec -Wl,-T -Wl,../src/lscript.ld -LC:/Xilinx/ECE520/02-AXI_GPIO/axi_gpio_ext_jp/axi_gpio_ext_vitis/axi_gpio_ext_platform/export/axi_gpio_ext_platform/sw/axi_gpio_ext_platform/standalone_domain/bsplib/lib -o "axi_gpio_ext_app.elf"  ./src/helloworld.o ./src/platform.o   -Wl,--start-group,-lxil,-lgcc,-lc,--end-group
'Finished building target: axi_gpio_ext_app.elf'
' '
'Invoking: ARM v7 Print Size'
arm-none-eabi-size axi_gpio_ext_app.elf  |tee "axi_gpio_ext_app.elf.size"
   text	   data	    bss	    dec	    hex	filename
  23985	   1192	  22584	  47761	   ba91	axi_gpio_ext_app.elf
'Finished building: axi_gpio_ext_app.elf.size'
' '

12:19:30 Build Finished (took 1s.738ms)

