18:17:05 DEBUG : Logs will be stored at 'C:/Xilinx/ECE520/02-AXI_GPIO/axi_gpio_ext_jp/axi_gpio_ext_vitis/IDE.log'.
18:17:56 INFO  : Launching XSCT server: xsct.bat -n  -interactive C:\Xilinx\ECE520\02-AXI_GPIO\axi_gpio_ext_jp\axi_gpio_ext_vitis\temp_xsdb_launch_script.tcl
18:17:56 INFO  : Registering command handlers for Vitis TCF services
18:17:56 INFO  : Platform repository initialization has completed.
18:17:58 INFO  : XSCT server has started successfully.
18:17:58 INFO  : Successfully done setting XSCT server connection channel  
18:17:58 INFO  : plnx-install-location is set to ''
18:17:58 INFO  : Successfully done setting workspace for the tool. 
18:17:58 INFO  : Successfully done query RDI_DATADIR 
18:20:50 INFO  : Result from executing command 'getProjects': axi_gpio_ext_platform
18:20:50 INFO  : Result from executing command 'getPlatforms': xilinx_zcu102_base_202310_1|C:/Xilinx/Vitis/2023.1/base_platforms/xilinx_zcu102_base_202310_1/xilinx_zcu102_base_202310_1.xpfm;xilinx_zcu102_base_dfx_202310_1|C:/Xilinx/Vitis/2023.1/base_platforms/xilinx_zcu102_base_dfx_202310_1/xilinx_zcu102_base_dfx_202310_1.xpfm;xilinx_zcu104_base_202310_1|C:/Xilinx/Vitis/2023.1/base_platforms/xilinx_zcu104_base_202310_1/xilinx_zcu104_base_202310_1.xpfm
18:22:35 INFO  : Result from executing command 'getProjects': axi_gpio_ext_platform
18:22:35 INFO  : Result from executing command 'getPlatforms': axi_gpio_ext_platform|C:/Xilinx/ECE520/02-AXI_GPIO/axi_gpio_ext_jp/axi_gpio_ext_vitis/axi_gpio_ext_platform/export/axi_gpio_ext_platform/axi_gpio_ext_platform.xpfm;xilinx_zcu102_base_202310_1|C:/Xilinx/Vitis/2023.1/base_platforms/xilinx_zcu102_base_202310_1/xilinx_zcu102_base_202310_1.xpfm;xilinx_zcu102_base_dfx_202310_1|C:/Xilinx/Vitis/2023.1/base_platforms/xilinx_zcu102_base_dfx_202310_1/xilinx_zcu102_base_dfx_202310_1.xpfm;xilinx_zcu104_base_202310_1|C:/Xilinx/Vitis/2023.1/base_platforms/xilinx_zcu104_base_202310_1/xilinx_zcu104_base_202310_1.xpfm
18:56:39 INFO  : Checking for BSP changes to sync application flags for project 'axi_gpio_ext_app'...
18:57:55 INFO  : Checking for BSP changes to sync application flags for project 'axi_gpio_ext_app'...
18:58:24 INFO  : Checking for BSP changes to sync application flags for project 'axi_gpio_ext_app'...
18:59:47 INFO  : Checking for BSP changes to sync application flags for project 'axi_gpio_ext_app'...
19:00:07 INFO  : Connected to target on host '127.0.0.1' and port '3121'.
19:00:08 INFO  : Jtag cable 'Digilent Zybo Z7 210351BE7AECA' is selected.
19:00:08 INFO  : 'jtag frequency' command is executed.
19:00:08 INFO  : Context for 'APU' is selected.
19:00:08 INFO  : System reset is completed.
19:00:11 INFO  : 'after 3000' command is executed.
19:00:11 INFO  : 'targets -set -filter {jtag_cable_name =~ "Digilent Zybo Z7 210351BE7AECA" && level==0 && jtag_device_ctx=="jsn-Zybo Z7-210351BE7AECA-13722093-0"}' command is executed.
19:00:12 INFO  : Device configured successfully with "C:/Xilinx/ECE520/02-AXI_GPIO/axi_gpio_ext_jp/axi_gpio_ext_vitis/axi_gpio_ext_app/_ide/bitstream/axi_gpio_ext_jp_wrapper.bit"
19:00:12 INFO  : Context for 'APU' is selected.
19:00:12 INFO  : Hardware design and registers information is loaded from 'C:/Xilinx/ECE520/02-AXI_GPIO/axi_gpio_ext_jp/axi_gpio_ext_vitis/axi_gpio_ext_platform/export/axi_gpio_ext_platform/hw/axi_gpio_ext_jp_wrapper.xsa'.
19:00:12 INFO  : 'configparams force-mem-access 1' command is executed.
19:00:12 INFO  : Context for 'APU' is selected.
19:00:12 INFO  : Sourcing of 'C:/Xilinx/ECE520/02-AXI_GPIO/axi_gpio_ext_jp/axi_gpio_ext_vitis/axi_gpio_ext_app/_ide/psinit/ps7_init.tcl' is done.
19:00:13 INFO  : 'ps7_init' command is executed.
19:00:13 INFO  : 'ps7_post_config' command is executed.
19:00:13 INFO  : Context for processor 'ps7_cortexa9_0' is selected.
19:00:13 INFO  : The application 'C:/Xilinx/ECE520/02-AXI_GPIO/axi_gpio_ext_jp/axi_gpio_ext_vitis/axi_gpio_ext_app/Debug/axi_gpio_ext_app.elf' is downloaded to processor 'ps7_cortexa9_0'.
19:00:13 INFO  : 'configparams force-mem-access 0' command is executed.
19:00:13 INFO  : ----------------XSDB Script----------------
connect -url tcp:127.0.0.1:3121
targets -set -nocase -filter {name =~"APU*"}
rst -system
after 3000
targets -set -filter {jtag_cable_name =~ "Digilent Zybo Z7 210351BE7AECA" && level==0 && jtag_device_ctx=="jsn-Zybo Z7-210351BE7AECA-13722093-0"}
fpga -file C:/Xilinx/ECE520/02-AXI_GPIO/axi_gpio_ext_jp/axi_gpio_ext_vitis/axi_gpio_ext_app/_ide/bitstream/axi_gpio_ext_jp_wrapper.bit
targets -set -nocase -filter {name =~"APU*"}
loadhw -hw C:/Xilinx/ECE520/02-AXI_GPIO/axi_gpio_ext_jp/axi_gpio_ext_vitis/axi_gpio_ext_platform/export/axi_gpio_ext_platform/hw/axi_gpio_ext_jp_wrapper.xsa -mem-ranges [list {0x40000000 0xbfffffff}] -regs
configparams force-mem-access 1
targets -set -nocase -filter {name =~"APU*"}
source C:/Xilinx/ECE520/02-AXI_GPIO/axi_gpio_ext_jp/axi_gpio_ext_vitis/axi_gpio_ext_app/_ide/psinit/ps7_init.tcl
ps7_init
ps7_post_config
targets -set -nocase -filter {name =~ "*A9*#0"}
dow C:/Xilinx/ECE520/02-AXI_GPIO/axi_gpio_ext_jp/axi_gpio_ext_vitis/axi_gpio_ext_app/Debug/axi_gpio_ext_app.elf
configparams force-mem-access 0
----------------End of Script----------------

19:00:13 INFO  : Context for processor 'ps7_cortexa9_0' is selected.
19:00:13 INFO  : 'con' command is executed.
19:00:13 INFO  : ----------------XSDB Script (After Launch)----------------
targets -set -nocase -filter {name =~ "*A9*#0"}
con
----------------End of Script----------------

19:00:13 INFO  : Launch script is exported to file 'C:\Xilinx\ECE520\02-AXI_GPIO\axi_gpio_ext_jp\axi_gpio_ext_vitis\axi_gpio_ext_app_system\_ide\scripts\debugger_axi_gpio_ext_app-default.tcl'
19:07:07 INFO  : Checking for BSP changes to sync application flags for project 'axi_gpio_ext_app'...
19:07:27 INFO  : Disconnected from the channel tcfchan#3.
19:07:28 INFO  : Connected to target on host '127.0.0.1' and port '3121'.
19:07:43 INFO  : Jtag cable 'Digilent Zybo Z7 210351BE7AECA' is selected.
19:07:43 INFO  : 'jtag frequency' command is executed.
19:07:44 INFO  : Context for 'APU' is selected.
19:07:44 INFO  : System reset is completed.
19:07:47 INFO  : 'after 3000' command is executed.
19:07:47 INFO  : 'targets -set -filter {jtag_cable_name =~ "Digilent Zybo Z7 210351BE7AECA" && level==0 && jtag_device_ctx=="jsn-Zybo Z7-210351BE7AECA-13722093-0"}' command is executed.
19:07:48 INFO  : Device configured successfully with "C:/Xilinx/ECE520/02-AXI_GPIO/axi_gpio_ext_jp/axi_gpio_ext_vitis/axi_gpio_ext_app/_ide/bitstream/axi_gpio_ext_jp_wrapper.bit"
19:07:48 INFO  : Context for 'APU' is selected.
19:07:48 INFO  : Hardware design and registers information is loaded from 'C:/Xilinx/ECE520/02-AXI_GPIO/axi_gpio_ext_jp/axi_gpio_ext_vitis/axi_gpio_ext_platform/export/axi_gpio_ext_platform/hw/axi_gpio_ext_jp_wrapper.xsa'.
19:07:48 INFO  : 'configparams force-mem-access 1' command is executed.
19:07:48 INFO  : Context for 'APU' is selected.
19:07:48 INFO  : Sourcing of 'C:/Xilinx/ECE520/02-AXI_GPIO/axi_gpio_ext_jp/axi_gpio_ext_vitis/axi_gpio_ext_app/_ide/psinit/ps7_init.tcl' is done.
19:07:49 INFO  : 'ps7_init' command is executed.
19:07:49 INFO  : 'ps7_post_config' command is executed.
19:07:49 INFO  : Context for processor 'ps7_cortexa9_0' is selected.
19:07:49 INFO  : The application 'C:/Xilinx/ECE520/02-AXI_GPIO/axi_gpio_ext_jp/axi_gpio_ext_vitis/axi_gpio_ext_app/Debug/axi_gpio_ext_app.elf' is downloaded to processor 'ps7_cortexa9_0'.
19:07:49 INFO  : 'configparams force-mem-access 0' command is executed.
19:07:49 INFO  : ----------------XSDB Script----------------
connect -url tcp:127.0.0.1:3121
targets -set -nocase -filter {name =~"APU*"}
rst -system
after 3000
targets -set -filter {jtag_cable_name =~ "Digilent Zybo Z7 210351BE7AECA" && level==0 && jtag_device_ctx=="jsn-Zybo Z7-210351BE7AECA-13722093-0"}
fpga -file C:/Xilinx/ECE520/02-AXI_GPIO/axi_gpio_ext_jp/axi_gpio_ext_vitis/axi_gpio_ext_app/_ide/bitstream/axi_gpio_ext_jp_wrapper.bit
targets -set -nocase -filter {name =~"APU*"}
loadhw -hw C:/Xilinx/ECE520/02-AXI_GPIO/axi_gpio_ext_jp/axi_gpio_ext_vitis/axi_gpio_ext_platform/export/axi_gpio_ext_platform/hw/axi_gpio_ext_jp_wrapper.xsa -mem-ranges [list {0x40000000 0xbfffffff}] -regs
configparams force-mem-access 1
targets -set -nocase -filter {name =~"APU*"}
source C:/Xilinx/ECE520/02-AXI_GPIO/axi_gpio_ext_jp/axi_gpio_ext_vitis/axi_gpio_ext_app/_ide/psinit/ps7_init.tcl
ps7_init
ps7_post_config
targets -set -nocase -filter {name =~ "*A9*#0"}
dow C:/Xilinx/ECE520/02-AXI_GPIO/axi_gpio_ext_jp/axi_gpio_ext_vitis/axi_gpio_ext_app/Debug/axi_gpio_ext_app.elf
configparams force-mem-access 0
----------------End of Script----------------

19:07:49 INFO  : Context for processor 'ps7_cortexa9_0' is selected.
19:07:49 INFO  : 'con' command is executed.
19:07:49 INFO  : ----------------XSDB Script (After Launch)----------------
targets -set -nocase -filter {name =~ "*A9*#0"}
con
----------------End of Script----------------

19:07:49 INFO  : Launch script is exported to file 'C:\Xilinx\ECE520\02-AXI_GPIO\axi_gpio_ext_jp\axi_gpio_ext_vitis\axi_gpio_ext_app_system\_ide\scripts\debugger_axi_gpio_ext_app-default.tcl'
19:09:38 INFO  : Checking for BSP changes to sync application flags for project 'axi_gpio_ext_app'...
19:09:54 INFO  : Disconnected from the channel tcfchan#5.
19:09:55 INFO  : Connected to target on host '127.0.0.1' and port '3121'.
19:09:56 INFO  : Jtag cable 'Digilent Zybo Z7 210351BE7AECA' is selected.
19:09:56 INFO  : 'jtag frequency' command is executed.
19:09:58 INFO  : Context for 'APU' is selected.
19:09:58 INFO  : System reset is completed.
19:10:01 INFO  : 'after 3000' command is executed.
19:10:01 INFO  : 'targets -set -filter {jtag_cable_name =~ "Digilent Zybo Z7 210351BE7AECA" && level==0 && jtag_device_ctx=="jsn-Zybo Z7-210351BE7AECA-13722093-0"}' command is executed.
19:10:02 INFO  : Device configured successfully with "C:/Xilinx/ECE520/02-AXI_GPIO/axi_gpio_ext_jp/axi_gpio_ext_vitis/axi_gpio_ext_app/_ide/bitstream/axi_gpio_ext_jp_wrapper.bit"
19:10:02 INFO  : Context for 'APU' is selected.
19:10:02 INFO  : Hardware design and registers information is loaded from 'C:/Xilinx/ECE520/02-AXI_GPIO/axi_gpio_ext_jp/axi_gpio_ext_vitis/axi_gpio_ext_platform/export/axi_gpio_ext_platform/hw/axi_gpio_ext_jp_wrapper.xsa'.
19:10:02 INFO  : 'configparams force-mem-access 1' command is executed.
19:10:02 INFO  : Context for 'APU' is selected.
19:10:02 INFO  : Sourcing of 'C:/Xilinx/ECE520/02-AXI_GPIO/axi_gpio_ext_jp/axi_gpio_ext_vitis/axi_gpio_ext_app/_ide/psinit/ps7_init.tcl' is done.
19:10:02 INFO  : 'ps7_init' command is executed.
19:10:02 INFO  : 'ps7_post_config' command is executed.
19:10:02 INFO  : Context for processor 'ps7_cortexa9_0' is selected.
19:10:02 INFO  : The application 'C:/Xilinx/ECE520/02-AXI_GPIO/axi_gpio_ext_jp/axi_gpio_ext_vitis/axi_gpio_ext_app/Debug/axi_gpio_ext_app.elf' is downloaded to processor 'ps7_cortexa9_0'.
19:10:03 INFO  : 'configparams force-mem-access 0' command is executed.
19:10:03 INFO  : ----------------XSDB Script----------------
connect -url tcp:127.0.0.1:3121
targets -set -nocase -filter {name =~"APU*"}
rst -system
after 3000
targets -set -filter {jtag_cable_name =~ "Digilent Zybo Z7 210351BE7AECA" && level==0 && jtag_device_ctx=="jsn-Zybo Z7-210351BE7AECA-13722093-0"}
fpga -file C:/Xilinx/ECE520/02-AXI_GPIO/axi_gpio_ext_jp/axi_gpio_ext_vitis/axi_gpio_ext_app/_ide/bitstream/axi_gpio_ext_jp_wrapper.bit
targets -set -nocase -filter {name =~"APU*"}
loadhw -hw C:/Xilinx/ECE520/02-AXI_GPIO/axi_gpio_ext_jp/axi_gpio_ext_vitis/axi_gpio_ext_platform/export/axi_gpio_ext_platform/hw/axi_gpio_ext_jp_wrapper.xsa -mem-ranges [list {0x40000000 0xbfffffff}] -regs
configparams force-mem-access 1
targets -set -nocase -filter {name =~"APU*"}
source C:/Xilinx/ECE520/02-AXI_GPIO/axi_gpio_ext_jp/axi_gpio_ext_vitis/axi_gpio_ext_app/_ide/psinit/ps7_init.tcl
ps7_init
ps7_post_config
targets -set -nocase -filter {name =~ "*A9*#0"}
dow C:/Xilinx/ECE520/02-AXI_GPIO/axi_gpio_ext_jp/axi_gpio_ext_vitis/axi_gpio_ext_app/Debug/axi_gpio_ext_app.elf
configparams force-mem-access 0
----------------End of Script----------------

19:10:03 INFO  : Context for processor 'ps7_cortexa9_0' is selected.
19:10:03 INFO  : 'con' command is executed.
19:10:03 INFO  : ----------------XSDB Script (After Launch)----------------
targets -set -nocase -filter {name =~ "*A9*#0"}
con
----------------End of Script----------------

19:10:03 INFO  : Launch script is exported to file 'C:\Xilinx\ECE520\02-AXI_GPIO\axi_gpio_ext_jp\axi_gpio_ext_vitis\axi_gpio_ext_app_system\_ide\scripts\debugger_axi_gpio_ext_app-default.tcl'
20:22:18 INFO  : Checking for BSP changes to sync application flags for project 'axi_gpio_ext_app'...
20:22:38 INFO  : Disconnected from the channel tcfchan#7.
20:22:39 INFO  : Connected to target on host '127.0.0.1' and port '3121'.
20:22:48 INFO  : ----------------XSDB Script----------------
connect -url tcp:127.0.0.1:3121
----------------End of Script----------------

20:22:48 ERROR : Could not find Jtag device on the board for connection 'Local'.


Troubleshooting hints:
1. Check whether board is connected to system properly.
2. In case of zynq board, check whether Digilent/Xilinx cable switch settings are correct.
3. If you are using Xilinx Platform Cable USB, ensure that status LED is green.
20:23:07 INFO  : Checking for BSP changes to sync application flags for project 'axi_gpio_ext_app'...
20:23:24 INFO  : Connected to target on host '127.0.0.1' and port '3121'.
20:23:24 INFO  : Jtag cable 'Digilent Zybo Z7 210351BE7AECA' is selected.
20:23:24 INFO  : 'jtag frequency' command is executed.
20:23:24 INFO  : Context for 'APU' is selected.
20:23:24 INFO  : System reset is completed.
20:23:27 INFO  : 'after 3000' command is executed.
20:23:27 INFO  : 'targets -set -filter {jtag_cable_name =~ "Digilent Zybo Z7 210351BE7AECA" && level==0 && jtag_device_ctx=="jsn-Zybo Z7-210351BE7AECA-13722093-0"}' command is executed.
20:23:29 INFO  : Device configured successfully with "C:/Xilinx/ECE520/02-AXI_GPIO/axi_gpio_ext_jp/axi_gpio_ext_vitis/axi_gpio_ext_app/_ide/bitstream/axi_gpio_ext_jp_wrapper.bit"
20:23:29 INFO  : Context for 'APU' is selected.
20:23:29 INFO  : Hardware design and registers information is loaded from 'C:/Xilinx/ECE520/02-AXI_GPIO/axi_gpio_ext_jp/axi_gpio_ext_vitis/axi_gpio_ext_platform/export/axi_gpio_ext_platform/hw/axi_gpio_ext_jp_wrapper.xsa'.
20:23:29 INFO  : 'configparams force-mem-access 1' command is executed.
20:23:29 INFO  : Context for 'APU' is selected.
20:23:29 INFO  : Sourcing of 'C:/Xilinx/ECE520/02-AXI_GPIO/axi_gpio_ext_jp/axi_gpio_ext_vitis/axi_gpio_ext_app/_ide/psinit/ps7_init.tcl' is done.
20:23:29 INFO  : 'ps7_init' command is executed.
20:23:29 INFO  : 'ps7_post_config' command is executed.
20:23:29 INFO  : Context for processor 'ps7_cortexa9_0' is selected.
20:23:29 INFO  : The application 'C:/Xilinx/ECE520/02-AXI_GPIO/axi_gpio_ext_jp/axi_gpio_ext_vitis/axi_gpio_ext_app/Debug/axi_gpio_ext_app.elf' is downloaded to processor 'ps7_cortexa9_0'.
20:23:29 INFO  : 'configparams force-mem-access 0' command is executed.
20:23:29 INFO  : ----------------XSDB Script----------------
connect -url tcp:127.0.0.1:3121
targets -set -nocase -filter {name =~"APU*"}
rst -system
after 3000
targets -set -filter {jtag_cable_name =~ "Digilent Zybo Z7 210351BE7AECA" && level==0 && jtag_device_ctx=="jsn-Zybo Z7-210351BE7AECA-13722093-0"}
fpga -file C:/Xilinx/ECE520/02-AXI_GPIO/axi_gpio_ext_jp/axi_gpio_ext_vitis/axi_gpio_ext_app/_ide/bitstream/axi_gpio_ext_jp_wrapper.bit
targets -set -nocase -filter {name =~"APU*"}
loadhw -hw C:/Xilinx/ECE520/02-AXI_GPIO/axi_gpio_ext_jp/axi_gpio_ext_vitis/axi_gpio_ext_platform/export/axi_gpio_ext_platform/hw/axi_gpio_ext_jp_wrapper.xsa -mem-ranges [list {0x40000000 0xbfffffff}] -regs
configparams force-mem-access 1
targets -set -nocase -filter {name =~"APU*"}
source C:/Xilinx/ECE520/02-AXI_GPIO/axi_gpio_ext_jp/axi_gpio_ext_vitis/axi_gpio_ext_app/_ide/psinit/ps7_init.tcl
ps7_init
ps7_post_config
targets -set -nocase -filter {name =~ "*A9*#0"}
dow C:/Xilinx/ECE520/02-AXI_GPIO/axi_gpio_ext_jp/axi_gpio_ext_vitis/axi_gpio_ext_app/Debug/axi_gpio_ext_app.elf
configparams force-mem-access 0
----------------End of Script----------------

20:23:30 INFO  : Context for processor 'ps7_cortexa9_0' is selected.
20:23:30 INFO  : 'con' command is executed.
20:23:30 INFO  : ----------------XSDB Script (After Launch)----------------
targets -set -nocase -filter {name =~ "*A9*#0"}
con
----------------End of Script----------------

20:23:30 INFO  : Launch script is exported to file 'C:\Xilinx\ECE520\02-AXI_GPIO\axi_gpio_ext_jp\axi_gpio_ext_vitis\axi_gpio_ext_app_system\_ide\scripts\debugger_axi_gpio_ext_app-default.tcl'
20:28:33 INFO  : Checking for BSP changes to sync application flags for project 'axi_gpio_ext_app'...
20:28:57 INFO  : Disconnected from the channel tcfchan#9.
20:28:58 INFO  : Connected to target on host '127.0.0.1' and port '3121'.
20:29:08 INFO  : ----------------XSDB Script----------------
connect -url tcp:127.0.0.1:3121
----------------End of Script----------------

20:29:08 ERROR : Could not find ARM device on the board for connection 'Local'.
Check if the target is in:
1. Split JTAG - No operations are possible with ARM DAP.
2. Non JTAG bootmode - Bootrom may need time to enable DAP.
Please try again.


Troubleshooting hints:
1. Check whether board is connected to system properly.
2. In case of zynq board, check whether Digilent/Xilinx cable switch settings are correct.
3. If you are using Xilinx Platform Cable USB, ensure that status LED is green.
20:29:24 INFO  : Checking for BSP changes to sync application flags for project 'axi_gpio_ext_app'...
20:29:41 INFO  : Connected to target on host '127.0.0.1' and port '3121'.
20:29:42 INFO  : Jtag cable 'Digilent Zybo Z7 210351BE7AECA' is selected.
20:29:42 INFO  : 'jtag frequency' command is executed.
20:29:42 INFO  : Context for 'APU' is selected.
20:29:42 INFO  : System reset is completed.
20:29:45 INFO  : 'after 3000' command is executed.
20:29:45 INFO  : 'targets -set -filter {jtag_cable_name =~ "Digilent Zybo Z7 210351BE7AECA" && level==0 && jtag_device_ctx=="jsn-Zybo Z7-210351BE7AECA-13722093-0"}' command is executed.
20:29:46 INFO  : Device configured successfully with "C:/Xilinx/ECE520/02-AXI_GPIO/axi_gpio_ext_jp/axi_gpio_ext_vitis/axi_gpio_ext_app/_ide/bitstream/axi_gpio_ext_jp_wrapper.bit"
20:29:46 INFO  : Context for 'APU' is selected.
20:29:46 INFO  : Hardware design and registers information is loaded from 'C:/Xilinx/ECE520/02-AXI_GPIO/axi_gpio_ext_jp/axi_gpio_ext_vitis/axi_gpio_ext_platform/export/axi_gpio_ext_platform/hw/axi_gpio_ext_jp_wrapper.xsa'.
20:29:46 INFO  : 'configparams force-mem-access 1' command is executed.
20:29:46 INFO  : Context for 'APU' is selected.
20:29:46 INFO  : Sourcing of 'C:/Xilinx/ECE520/02-AXI_GPIO/axi_gpio_ext_jp/axi_gpio_ext_vitis/axi_gpio_ext_app/_ide/psinit/ps7_init.tcl' is done.
20:29:46 INFO  : 'ps7_init' command is executed.
20:29:47 INFO  : 'ps7_post_config' command is executed.
20:29:47 INFO  : Context for processor 'ps7_cortexa9_0' is selected.
20:29:47 INFO  : The application 'C:/Xilinx/ECE520/02-AXI_GPIO/axi_gpio_ext_jp/axi_gpio_ext_vitis/axi_gpio_ext_app/Debug/axi_gpio_ext_app.elf' is downloaded to processor 'ps7_cortexa9_0'.
20:29:47 INFO  : 'configparams force-mem-access 0' command is executed.
20:29:47 INFO  : ----------------XSDB Script----------------
connect -url tcp:127.0.0.1:3121
targets -set -nocase -filter {name =~"APU*"}
rst -system
after 3000
targets -set -filter {jtag_cable_name =~ "Digilent Zybo Z7 210351BE7AECA" && level==0 && jtag_device_ctx=="jsn-Zybo Z7-210351BE7AECA-13722093-0"}
fpga -file C:/Xilinx/ECE520/02-AXI_GPIO/axi_gpio_ext_jp/axi_gpio_ext_vitis/axi_gpio_ext_app/_ide/bitstream/axi_gpio_ext_jp_wrapper.bit
targets -set -nocase -filter {name =~"APU*"}
loadhw -hw C:/Xilinx/ECE520/02-AXI_GPIO/axi_gpio_ext_jp/axi_gpio_ext_vitis/axi_gpio_ext_platform/export/axi_gpio_ext_platform/hw/axi_gpio_ext_jp_wrapper.xsa -mem-ranges [list {0x40000000 0xbfffffff}] -regs
configparams force-mem-access 1
targets -set -nocase -filter {name =~"APU*"}
source C:/Xilinx/ECE520/02-AXI_GPIO/axi_gpio_ext_jp/axi_gpio_ext_vitis/axi_gpio_ext_app/_ide/psinit/ps7_init.tcl
ps7_init
ps7_post_config
targets -set -nocase -filter {name =~ "*A9*#0"}
dow C:/Xilinx/ECE520/02-AXI_GPIO/axi_gpio_ext_jp/axi_gpio_ext_vitis/axi_gpio_ext_app/Debug/axi_gpio_ext_app.elf
configparams force-mem-access 0
----------------End of Script----------------

20:29:47 INFO  : Context for processor 'ps7_cortexa9_0' is selected.
20:29:47 INFO  : 'con' command is executed.
20:29:47 INFO  : ----------------XSDB Script (After Launch)----------------
targets -set -nocase -filter {name =~ "*A9*#0"}
con
----------------End of Script----------------

20:29:47 INFO  : Launch script is exported to file 'C:\Xilinx\ECE520\02-AXI_GPIO\axi_gpio_ext_jp\axi_gpio_ext_vitis\axi_gpio_ext_app_system\_ide\scripts\debugger_axi_gpio_ext_app-default.tcl'
20:59:19 INFO  : Checking for BSP changes to sync application flags for project 'axi_gpio_ext_app'...
21:00:03 INFO  : Disconnected from the channel tcfchan#12.
21:00:04 INFO  : Connected to target on host '127.0.0.1' and port '3121'.
21:00:13 INFO  : ----------------XSDB Script----------------
connect -url tcp:127.0.0.1:3121
----------------End of Script----------------

21:00:13 ERROR : Could not find Jtag device on the board for connection 'Local'.


Troubleshooting hints:
1. Check whether board is connected to system properly.
2. In case of zynq board, check whether Digilent/Xilinx cable switch settings are correct.
3. If you are using Xilinx Platform Cable USB, ensure that status LED is green.
21:00:27 INFO  : Connected to target on host '127.0.0.1' and port '3121'.
21:00:27 INFO  : Jtag cable 'Digilent Zybo Z7 210351BE7AECA' is selected.
21:00:27 INFO  : 'jtag frequency' command is executed.
21:00:27 INFO  : Context for 'APU' is selected.
21:00:27 INFO  : System reset is completed.
21:00:30 INFO  : 'after 3000' command is executed.
21:00:31 INFO  : 'targets -set -filter {jtag_cable_name =~ "Digilent Zybo Z7 210351BE7AECA" && level==0 && jtag_device_ctx=="jsn-Zybo Z7-210351BE7AECA-13722093-0"}' command is executed.
21:00:32 INFO  : Device configured successfully with "C:/Xilinx/ECE520/02-AXI_GPIO/axi_gpio_ext_jp/axi_gpio_ext_vitis/axi_gpio_ext_app/_ide/bitstream/axi_gpio_ext_jp_wrapper.bit"
21:00:32 INFO  : Context for 'APU' is selected.
21:00:32 INFO  : Hardware design and registers information is loaded from 'C:/Xilinx/ECE520/02-AXI_GPIO/axi_gpio_ext_jp/axi_gpio_ext_vitis/axi_gpio_ext_platform/export/axi_gpio_ext_platform/hw/axi_gpio_ext_jp_wrapper.xsa'.
21:00:32 INFO  : 'configparams force-mem-access 1' command is executed.
21:00:32 INFO  : Context for 'APU' is selected.
21:00:32 INFO  : Sourcing of 'C:/Xilinx/ECE520/02-AXI_GPIO/axi_gpio_ext_jp/axi_gpio_ext_vitis/axi_gpio_ext_app/_ide/psinit/ps7_init.tcl' is done.
21:00:32 INFO  : 'ps7_init' command is executed.
21:00:32 INFO  : 'ps7_post_config' command is executed.
21:00:32 INFO  : Context for processor 'ps7_cortexa9_0' is selected.
21:00:33 INFO  : The application 'C:/Xilinx/ECE520/02-AXI_GPIO/axi_gpio_ext_jp/axi_gpio_ext_vitis/axi_gpio_ext_app/Debug/axi_gpio_ext_app.elf' is downloaded to processor 'ps7_cortexa9_0'.
21:00:33 INFO  : 'configparams force-mem-access 0' command is executed.
21:00:33 INFO  : ----------------XSDB Script----------------
connect -url tcp:127.0.0.1:3121
targets -set -nocase -filter {name =~"APU*"}
rst -system
after 3000
targets -set -filter {jtag_cable_name =~ "Digilent Zybo Z7 210351BE7AECA" && level==0 && jtag_device_ctx=="jsn-Zybo Z7-210351BE7AECA-13722093-0"}
fpga -file C:/Xilinx/ECE520/02-AXI_GPIO/axi_gpio_ext_jp/axi_gpio_ext_vitis/axi_gpio_ext_app/_ide/bitstream/axi_gpio_ext_jp_wrapper.bit
targets -set -nocase -filter {name =~"APU*"}
loadhw -hw C:/Xilinx/ECE520/02-AXI_GPIO/axi_gpio_ext_jp/axi_gpio_ext_vitis/axi_gpio_ext_platform/export/axi_gpio_ext_platform/hw/axi_gpio_ext_jp_wrapper.xsa -mem-ranges [list {0x40000000 0xbfffffff}] -regs
configparams force-mem-access 1
targets -set -nocase -filter {name =~"APU*"}
source C:/Xilinx/ECE520/02-AXI_GPIO/axi_gpio_ext_jp/axi_gpio_ext_vitis/axi_gpio_ext_app/_ide/psinit/ps7_init.tcl
ps7_init
ps7_post_config
targets -set -nocase -filter {name =~ "*A9*#0"}
dow C:/Xilinx/ECE520/02-AXI_GPIO/axi_gpio_ext_jp/axi_gpio_ext_vitis/axi_gpio_ext_app/Debug/axi_gpio_ext_app.elf
configparams force-mem-access 0
----------------End of Script----------------

21:00:33 INFO  : Context for processor 'ps7_cortexa9_0' is selected.
21:00:33 INFO  : 'con' command is executed.
21:00:33 INFO  : ----------------XSDB Script (After Launch)----------------
targets -set -nocase -filter {name =~ "*A9*#0"}
con
----------------End of Script----------------

21:00:33 INFO  : Launch script is exported to file 'C:\Xilinx\ECE520\02-AXI_GPIO\axi_gpio_ext_jp\axi_gpio_ext_vitis\axi_gpio_ext_app_system\_ide\scripts\debugger_axi_gpio_ext_app-default.tcl'
21:06:18 INFO  : Checking for BSP changes to sync application flags for project 'axi_gpio_ext_app'...
21:06:40 INFO  : Disconnected from the channel tcfchan#15.
21:06:41 INFO  : Connected to target on host '127.0.0.1' and port '3121'.
21:06:41 INFO  : Jtag cable 'Digilent Zybo Z7 210351BE7AECA' is selected.
21:06:41 ERROR : port closed
21:06:41 INFO  : ----------------XSDB Script----------------
connect -url tcp:127.0.0.1:3121
----------------End of Script----------------

21:06:41 ERROR : port closed
21:06:49 INFO  : Connected to target on host '127.0.0.1' and port '3121'.
21:06:49 INFO  : Jtag cable 'Digilent Zybo Z7 210351BE7AECA' is selected.
21:06:49 INFO  : 'jtag frequency' command is executed.
21:06:49 INFO  : Context for 'APU' is selected.
21:06:49 INFO  : System reset is completed.
21:06:52 INFO  : 'after 3000' command is executed.
21:06:52 INFO  : 'targets -set -filter {jtag_cable_name =~ "Digilent Zybo Z7 210351BE7AECA" && level==0 && jtag_device_ctx=="jsn-Zybo Z7-210351BE7AECA-13722093-0"}' command is executed.
21:06:54 INFO  : Device configured successfully with "C:/Xilinx/ECE520/02-AXI_GPIO/axi_gpio_ext_jp/axi_gpio_ext_vitis/axi_gpio_ext_app/_ide/bitstream/axi_gpio_ext_jp_wrapper.bit"
21:06:54 INFO  : Context for 'APU' is selected.
21:06:54 INFO  : Hardware design and registers information is loaded from 'C:/Xilinx/ECE520/02-AXI_GPIO/axi_gpio_ext_jp/axi_gpio_ext_vitis/axi_gpio_ext_platform/export/axi_gpio_ext_platform/hw/axi_gpio_ext_jp_wrapper.xsa'.
21:06:54 INFO  : 'configparams force-mem-access 1' command is executed.
21:06:54 INFO  : Context for 'APU' is selected.
21:06:54 INFO  : Sourcing of 'C:/Xilinx/ECE520/02-AXI_GPIO/axi_gpio_ext_jp/axi_gpio_ext_vitis/axi_gpio_ext_app/_ide/psinit/ps7_init.tcl' is done.
21:06:54 INFO  : 'ps7_init' command is executed.
21:06:54 INFO  : 'ps7_post_config' command is executed.
21:06:54 INFO  : Context for processor 'ps7_cortexa9_0' is selected.
21:06:54 INFO  : The application 'C:/Xilinx/ECE520/02-AXI_GPIO/axi_gpio_ext_jp/axi_gpio_ext_vitis/axi_gpio_ext_app/Debug/axi_gpio_ext_app.elf' is downloaded to processor 'ps7_cortexa9_0'.
21:06:54 INFO  : 'configparams force-mem-access 0' command is executed.
21:06:54 INFO  : ----------------XSDB Script----------------
connect -url tcp:127.0.0.1:3121
targets -set -nocase -filter {name =~"APU*"}
rst -system
after 3000
targets -set -filter {jtag_cable_name =~ "Digilent Zybo Z7 210351BE7AECA" && level==0 && jtag_device_ctx=="jsn-Zybo Z7-210351BE7AECA-13722093-0"}
fpga -file C:/Xilinx/ECE520/02-AXI_GPIO/axi_gpio_ext_jp/axi_gpio_ext_vitis/axi_gpio_ext_app/_ide/bitstream/axi_gpio_ext_jp_wrapper.bit
targets -set -nocase -filter {name =~"APU*"}
loadhw -hw C:/Xilinx/ECE520/02-AXI_GPIO/axi_gpio_ext_jp/axi_gpio_ext_vitis/axi_gpio_ext_platform/export/axi_gpio_ext_platform/hw/axi_gpio_ext_jp_wrapper.xsa -mem-ranges [list {0x40000000 0xbfffffff}] -regs
configparams force-mem-access 1
targets -set -nocase -filter {name =~"APU*"}
source C:/Xilinx/ECE520/02-AXI_GPIO/axi_gpio_ext_jp/axi_gpio_ext_vitis/axi_gpio_ext_app/_ide/psinit/ps7_init.tcl
ps7_init
ps7_post_config
targets -set -nocase -filter {name =~ "*A9*#0"}
dow C:/Xilinx/ECE520/02-AXI_GPIO/axi_gpio_ext_jp/axi_gpio_ext_vitis/axi_gpio_ext_app/Debug/axi_gpio_ext_app.elf
configparams force-mem-access 0
----------------End of Script----------------

21:06:54 INFO  : Context for processor 'ps7_cortexa9_0' is selected.
21:06:55 INFO  : 'con' command is executed.
21:06:55 INFO  : ----------------XSDB Script (After Launch)----------------
targets -set -nocase -filter {name =~ "*A9*#0"}
con
----------------End of Script----------------

21:06:55 INFO  : Launch script is exported to file 'C:\Xilinx\ECE520\02-AXI_GPIO\axi_gpio_ext_jp\axi_gpio_ext_vitis\axi_gpio_ext_app_system\_ide\scripts\debugger_axi_gpio_ext_app-default.tcl'
21:12:10 INFO  : Checking for BSP changes to sync application flags for project 'axi_gpio_ext_app'...
21:12:30 INFO  : Disconnected from the channel tcfchan#17.
21:12:31 INFO  : Connected to target on host '127.0.0.1' and port '3121'.
21:12:32 INFO  : Jtag cable 'Digilent Zybo Z7 210351BE7AECA' is selected.
21:12:32 INFO  : 'jtag frequency' command is executed.
21:12:32 INFO  : Context for 'APU' is selected.
21:12:32 INFO  : System reset is completed.
21:12:35 INFO  : 'after 3000' command is executed.
21:12:35 INFO  : 'targets -set -filter {jtag_cable_name =~ "Digilent Zybo Z7 210351BE7AECA" && level==0 && jtag_device_ctx=="jsn-Zybo Z7-210351BE7AECA-13722093-0"}' command is executed.
21:12:36 INFO  : Device configured successfully with "C:/Xilinx/ECE520/02-AXI_GPIO/axi_gpio_ext_jp/axi_gpio_ext_vitis/axi_gpio_ext_app/_ide/bitstream/axi_gpio_ext_jp_wrapper.bit"
21:12:36 INFO  : Context for 'APU' is selected.
21:12:36 INFO  : Hardware design and registers information is loaded from 'C:/Xilinx/ECE520/02-AXI_GPIO/axi_gpio_ext_jp/axi_gpio_ext_vitis/axi_gpio_ext_platform/export/axi_gpio_ext_platform/hw/axi_gpio_ext_jp_wrapper.xsa'.
21:12:36 INFO  : 'configparams force-mem-access 1' command is executed.
21:12:36 INFO  : Context for 'APU' is selected.
21:12:36 INFO  : Sourcing of 'C:/Xilinx/ECE520/02-AXI_GPIO/axi_gpio_ext_jp/axi_gpio_ext_vitis/axi_gpio_ext_app/_ide/psinit/ps7_init.tcl' is done.
21:12:37 INFO  : 'ps7_init' command is executed.
21:12:37 INFO  : 'ps7_post_config' command is executed.
21:12:37 INFO  : Context for processor 'ps7_cortexa9_0' is selected.
21:12:37 INFO  : The application 'C:/Xilinx/ECE520/02-AXI_GPIO/axi_gpio_ext_jp/axi_gpio_ext_vitis/axi_gpio_ext_app/Debug/axi_gpio_ext_app.elf' is downloaded to processor 'ps7_cortexa9_0'.
21:12:37 INFO  : 'configparams force-mem-access 0' command is executed.
21:12:37 INFO  : ----------------XSDB Script----------------
connect -url tcp:127.0.0.1:3121
targets -set -nocase -filter {name =~"APU*"}
rst -system
after 3000
targets -set -filter {jtag_cable_name =~ "Digilent Zybo Z7 210351BE7AECA" && level==0 && jtag_device_ctx=="jsn-Zybo Z7-210351BE7AECA-13722093-0"}
fpga -file C:/Xilinx/ECE520/02-AXI_GPIO/axi_gpio_ext_jp/axi_gpio_ext_vitis/axi_gpio_ext_app/_ide/bitstream/axi_gpio_ext_jp_wrapper.bit
targets -set -nocase -filter {name =~"APU*"}
loadhw -hw C:/Xilinx/ECE520/02-AXI_GPIO/axi_gpio_ext_jp/axi_gpio_ext_vitis/axi_gpio_ext_platform/export/axi_gpio_ext_platform/hw/axi_gpio_ext_jp_wrapper.xsa -mem-ranges [list {0x40000000 0xbfffffff}] -regs
configparams force-mem-access 1
targets -set -nocase -filter {name =~"APU*"}
source C:/Xilinx/ECE520/02-AXI_GPIO/axi_gpio_ext_jp/axi_gpio_ext_vitis/axi_gpio_ext_app/_ide/psinit/ps7_init.tcl
ps7_init
ps7_post_config
targets -set -nocase -filter {name =~ "*A9*#0"}
dow C:/Xilinx/ECE520/02-AXI_GPIO/axi_gpio_ext_jp/axi_gpio_ext_vitis/axi_gpio_ext_app/Debug/axi_gpio_ext_app.elf
configparams force-mem-access 0
----------------End of Script----------------

21:12:37 INFO  : Context for processor 'ps7_cortexa9_0' is selected.
21:12:37 INFO  : 'con' command is executed.
21:12:37 INFO  : ----------------XSDB Script (After Launch)----------------
targets -set -nocase -filter {name =~ "*A9*#0"}
con
----------------End of Script----------------

21:12:37 INFO  : Launch script is exported to file 'C:\Xilinx\ECE520\02-AXI_GPIO\axi_gpio_ext_jp\axi_gpio_ext_vitis\axi_gpio_ext_app_system\_ide\scripts\debugger_axi_gpio_ext_app-default.tcl'
21:16:50 INFO  : Checking for BSP changes to sync application flags for project 'axi_gpio_ext_app'...
21:17:11 INFO  : Disconnected from the channel tcfchan#19.
21:17:12 INFO  : Connected to target on host '127.0.0.1' and port '3121'.
21:17:21 INFO  : ----------------XSDB Script----------------
connect -url tcp:127.0.0.1:3121
----------------End of Script----------------

21:17:21 ERROR : Could not find FPGA device on the board for connection 'Local'.


Troubleshooting hints:
1. Check whether board is connected to system properly.
2. In case of zynq board, check whether Digilent/Xilinx cable switch settings are correct.
3. If you are using Xilinx Platform Cable USB, ensure that status LED is green.
21:17:29 INFO  : Connected to target on host '127.0.0.1' and port '3121'.
21:17:30 INFO  : Jtag cable 'Digilent Zybo Z7 210351BE7AECA' is selected.
21:17:30 INFO  : 'jtag frequency' command is executed.
21:17:30 INFO  : Context for 'APU' is selected.
21:17:30 INFO  : System reset is completed.
21:17:33 INFO  : 'after 3000' command is executed.
21:17:33 INFO  : 'targets -set -filter {jtag_cable_name =~ "Digilent Zybo Z7 210351BE7AECA" && level==0 && jtag_device_ctx=="jsn-Zybo Z7-210351BE7AECA-13722093-0"}' command is executed.
21:17:34 INFO  : Device configured successfully with "C:/Xilinx/ECE520/02-AXI_GPIO/axi_gpio_ext_jp/axi_gpio_ext_vitis/axi_gpio_ext_app/_ide/bitstream/axi_gpio_ext_jp_wrapper.bit"
21:17:34 INFO  : Context for 'APU' is selected.
21:17:34 INFO  : Hardware design and registers information is loaded from 'C:/Xilinx/ECE520/02-AXI_GPIO/axi_gpio_ext_jp/axi_gpio_ext_vitis/axi_gpio_ext_platform/export/axi_gpio_ext_platform/hw/axi_gpio_ext_jp_wrapper.xsa'.
21:17:34 INFO  : 'configparams force-mem-access 1' command is executed.
21:17:34 INFO  : Context for 'APU' is selected.
21:17:34 INFO  : Sourcing of 'C:/Xilinx/ECE520/02-AXI_GPIO/axi_gpio_ext_jp/axi_gpio_ext_vitis/axi_gpio_ext_app/_ide/psinit/ps7_init.tcl' is done.
21:17:34 INFO  : 'ps7_init' command is executed.
21:17:34 INFO  : 'ps7_post_config' command is executed.
21:17:35 INFO  : Context for processor 'ps7_cortexa9_0' is selected.
21:17:35 INFO  : The application 'C:/Xilinx/ECE520/02-AXI_GPIO/axi_gpio_ext_jp/axi_gpio_ext_vitis/axi_gpio_ext_app/Debug/axi_gpio_ext_app.elf' is downloaded to processor 'ps7_cortexa9_0'.
21:17:35 INFO  : 'configparams force-mem-access 0' command is executed.
21:17:35 INFO  : ----------------XSDB Script----------------
connect -url tcp:127.0.0.1:3121
targets -set -nocase -filter {name =~"APU*"}
rst -system
after 3000
targets -set -filter {jtag_cable_name =~ "Digilent Zybo Z7 210351BE7AECA" && level==0 && jtag_device_ctx=="jsn-Zybo Z7-210351BE7AECA-13722093-0"}
fpga -file C:/Xilinx/ECE520/02-AXI_GPIO/axi_gpio_ext_jp/axi_gpio_ext_vitis/axi_gpio_ext_app/_ide/bitstream/axi_gpio_ext_jp_wrapper.bit
targets -set -nocase -filter {name =~"APU*"}
loadhw -hw C:/Xilinx/ECE520/02-AXI_GPIO/axi_gpio_ext_jp/axi_gpio_ext_vitis/axi_gpio_ext_platform/export/axi_gpio_ext_platform/hw/axi_gpio_ext_jp_wrapper.xsa -mem-ranges [list {0x40000000 0xbfffffff}] -regs
configparams force-mem-access 1
targets -set -nocase -filter {name =~"APU*"}
source C:/Xilinx/ECE520/02-AXI_GPIO/axi_gpio_ext_jp/axi_gpio_ext_vitis/axi_gpio_ext_app/_ide/psinit/ps7_init.tcl
ps7_init
ps7_post_config
targets -set -nocase -filter {name =~ "*A9*#0"}
dow C:/Xilinx/ECE520/02-AXI_GPIO/axi_gpio_ext_jp/axi_gpio_ext_vitis/axi_gpio_ext_app/Debug/axi_gpio_ext_app.elf
configparams force-mem-access 0
----------------End of Script----------------

21:17:35 INFO  : Context for processor 'ps7_cortexa9_0' is selected.
21:17:35 INFO  : 'con' command is executed.
21:17:35 INFO  : ----------------XSDB Script (After Launch)----------------
targets -set -nocase -filter {name =~ "*A9*#0"}
con
----------------End of Script----------------

21:17:35 INFO  : Launch script is exported to file 'C:\Xilinx\ECE520\02-AXI_GPIO\axi_gpio_ext_jp\axi_gpio_ext_vitis\axi_gpio_ext_app_system\_ide\scripts\debugger_axi_gpio_ext_app-default.tcl'
21:19:12 INFO  : Checking for BSP changes to sync application flags for project 'axi_gpio_ext_app'...
21:19:34 INFO  : Disconnected from the channel tcfchan#21.
21:19:35 INFO  : Connected to target on host '127.0.0.1' and port '3121'.
21:19:44 INFO  : ----------------XSDB Script----------------
connect -url tcp:127.0.0.1:3121
----------------End of Script----------------

21:19:44 ERROR : Could not find FPGA device on the board for connection 'Local'.


Troubleshooting hints:
1. Check whether board is connected to system properly.
2. In case of zynq board, check whether Digilent/Xilinx cable switch settings are correct.
3. If you are using Xilinx Platform Cable USB, ensure that status LED is green.
21:19:54 INFO  : Connected to target on host '127.0.0.1' and port '3121'.
21:19:54 INFO  : Jtag cable 'Digilent Zybo Z7 210351BE7AECA' is selected.
21:19:54 INFO  : 'jtag frequency' command is executed.
21:19:54 INFO  : Context for 'APU' is selected.
21:19:54 INFO  : System reset is completed.
21:19:57 INFO  : 'after 3000' command is executed.
21:19:57 INFO  : 'targets -set -filter {jtag_cable_name =~ "Digilent Zybo Z7 210351BE7AECA" && level==0 && jtag_device_ctx=="jsn-Zybo Z7-210351BE7AECA-13722093-0"}' command is executed.
21:19:59 INFO  : Device configured successfully with "C:/Xilinx/ECE520/02-AXI_GPIO/axi_gpio_ext_jp/axi_gpio_ext_vitis/axi_gpio_ext_app/_ide/bitstream/axi_gpio_ext_jp_wrapper.bit"
21:19:59 INFO  : Context for 'APU' is selected.
21:19:59 INFO  : Hardware design and registers information is loaded from 'C:/Xilinx/ECE520/02-AXI_GPIO/axi_gpio_ext_jp/axi_gpio_ext_vitis/axi_gpio_ext_platform/export/axi_gpio_ext_platform/hw/axi_gpio_ext_jp_wrapper.xsa'.
21:19:59 INFO  : 'configparams force-mem-access 1' command is executed.
21:19:59 INFO  : Context for 'APU' is selected.
21:19:59 INFO  : Sourcing of 'C:/Xilinx/ECE520/02-AXI_GPIO/axi_gpio_ext_jp/axi_gpio_ext_vitis/axi_gpio_ext_app/_ide/psinit/ps7_init.tcl' is done.
21:19:59 INFO  : 'ps7_init' command is executed.
21:19:59 INFO  : 'ps7_post_config' command is executed.
21:19:59 INFO  : Context for processor 'ps7_cortexa9_0' is selected.
21:19:59 INFO  : The application 'C:/Xilinx/ECE520/02-AXI_GPIO/axi_gpio_ext_jp/axi_gpio_ext_vitis/axi_gpio_ext_app/Debug/axi_gpio_ext_app.elf' is downloaded to processor 'ps7_cortexa9_0'.
21:19:59 INFO  : 'configparams force-mem-access 0' command is executed.
21:19:59 INFO  : ----------------XSDB Script----------------
connect -url tcp:127.0.0.1:3121
targets -set -nocase -filter {name =~"APU*"}
rst -system
after 3000
targets -set -filter {jtag_cable_name =~ "Digilent Zybo Z7 210351BE7AECA" && level==0 && jtag_device_ctx=="jsn-Zybo Z7-210351BE7AECA-13722093-0"}
fpga -file C:/Xilinx/ECE520/02-AXI_GPIO/axi_gpio_ext_jp/axi_gpio_ext_vitis/axi_gpio_ext_app/_ide/bitstream/axi_gpio_ext_jp_wrapper.bit
targets -set -nocase -filter {name =~"APU*"}
loadhw -hw C:/Xilinx/ECE520/02-AXI_GPIO/axi_gpio_ext_jp/axi_gpio_ext_vitis/axi_gpio_ext_platform/export/axi_gpio_ext_platform/hw/axi_gpio_ext_jp_wrapper.xsa -mem-ranges [list {0x40000000 0xbfffffff}] -regs
configparams force-mem-access 1
targets -set -nocase -filter {name =~"APU*"}
source C:/Xilinx/ECE520/02-AXI_GPIO/axi_gpio_ext_jp/axi_gpio_ext_vitis/axi_gpio_ext_app/_ide/psinit/ps7_init.tcl
ps7_init
ps7_post_config
targets -set -nocase -filter {name =~ "*A9*#0"}
dow C:/Xilinx/ECE520/02-AXI_GPIO/axi_gpio_ext_jp/axi_gpio_ext_vitis/axi_gpio_ext_app/Debug/axi_gpio_ext_app.elf
configparams force-mem-access 0
----------------End of Script----------------

21:19:59 INFO  : Context for processor 'ps7_cortexa9_0' is selected.
21:19:59 INFO  : 'con' command is executed.
21:19:59 INFO  : ----------------XSDB Script (After Launch)----------------
targets -set -nocase -filter {name =~ "*A9*#0"}
con
----------------End of Script----------------

21:19:59 INFO  : Launch script is exported to file 'C:\Xilinx\ECE520\02-AXI_GPIO\axi_gpio_ext_jp\axi_gpio_ext_vitis\axi_gpio_ext_app_system\_ide\scripts\debugger_axi_gpio_ext_app-default.tcl'
21:23:25 INFO  : Checking for BSP changes to sync application flags for project 'axi_gpio_ext_app'...
21:23:52 INFO  : Disconnected from the channel tcfchan#23.
21:23:53 INFO  : Connected to target on host '127.0.0.1' and port '3121'.
21:23:55 INFO  : ----------------XSDB Script----------------
connect -url tcp:127.0.0.1:3121
----------------End of Script----------------

21:23:55 ERROR : Could not find FPGA device on the board for connection 'Local'.


Troubleshooting hints:
1. Check whether board is connected to system properly.
2. In case of zynq board, check whether Digilent/Xilinx cable switch settings are correct.
3. If you are using Xilinx Platform Cable USB, ensure that status LED is green.
21:24:02 INFO  : Connected to target on host '127.0.0.1' and port '3121'.
21:24:02 INFO  : Jtag cable 'Digilent Zybo Z7 210351BE7AECA' is selected.
21:24:02 INFO  : 'jtag frequency' command is executed.
21:24:02 INFO  : Context for 'APU' is selected.
21:24:02 INFO  : System reset is completed.
21:24:05 INFO  : 'after 3000' command is executed.
21:24:05 INFO  : 'targets -set -filter {jtag_cable_name =~ "Digilent Zybo Z7 210351BE7AECA" && level==0 && jtag_device_ctx=="jsn-Zybo Z7-210351BE7AECA-13722093-0"}' command is executed.
21:24:06 INFO  : Device configured successfully with "C:/Xilinx/ECE520/02-AXI_GPIO/axi_gpio_ext_jp/axi_gpio_ext_vitis/axi_gpio_ext_app/_ide/bitstream/axi_gpio_ext_jp_wrapper.bit"
21:24:06 INFO  : Context for 'APU' is selected.
21:24:06 INFO  : Hardware design and registers information is loaded from 'C:/Xilinx/ECE520/02-AXI_GPIO/axi_gpio_ext_jp/axi_gpio_ext_vitis/axi_gpio_ext_platform/export/axi_gpio_ext_platform/hw/axi_gpio_ext_jp_wrapper.xsa'.
21:24:06 INFO  : 'configparams force-mem-access 1' command is executed.
21:24:06 INFO  : Context for 'APU' is selected.
21:24:06 INFO  : Sourcing of 'C:/Xilinx/ECE520/02-AXI_GPIO/axi_gpio_ext_jp/axi_gpio_ext_vitis/axi_gpio_ext_app/_ide/psinit/ps7_init.tcl' is done.
21:24:07 INFO  : 'ps7_init' command is executed.
21:24:07 INFO  : 'ps7_post_config' command is executed.
21:24:07 INFO  : Context for processor 'ps7_cortexa9_0' is selected.
21:24:07 INFO  : The application 'C:/Xilinx/ECE520/02-AXI_GPIO/axi_gpio_ext_jp/axi_gpio_ext_vitis/axi_gpio_ext_app/Debug/axi_gpio_ext_app.elf' is downloaded to processor 'ps7_cortexa9_0'.
21:24:07 INFO  : 'configparams force-mem-access 0' command is executed.
21:24:07 INFO  : ----------------XSDB Script----------------
connect -url tcp:127.0.0.1:3121
targets -set -nocase -filter {name =~"APU*"}
rst -system
after 3000
targets -set -filter {jtag_cable_name =~ "Digilent Zybo Z7 210351BE7AECA" && level==0 && jtag_device_ctx=="jsn-Zybo Z7-210351BE7AECA-13722093-0"}
fpga -file C:/Xilinx/ECE520/02-AXI_GPIO/axi_gpio_ext_jp/axi_gpio_ext_vitis/axi_gpio_ext_app/_ide/bitstream/axi_gpio_ext_jp_wrapper.bit
targets -set -nocase -filter {name =~"APU*"}
loadhw -hw C:/Xilinx/ECE520/02-AXI_GPIO/axi_gpio_ext_jp/axi_gpio_ext_vitis/axi_gpio_ext_platform/export/axi_gpio_ext_platform/hw/axi_gpio_ext_jp_wrapper.xsa -mem-ranges [list {0x40000000 0xbfffffff}] -regs
configparams force-mem-access 1
targets -set -nocase -filter {name =~"APU*"}
source C:/Xilinx/ECE520/02-AXI_GPIO/axi_gpio_ext_jp/axi_gpio_ext_vitis/axi_gpio_ext_app/_ide/psinit/ps7_init.tcl
ps7_init
ps7_post_config
targets -set -nocase -filter {name =~ "*A9*#0"}
dow C:/Xilinx/ECE520/02-AXI_GPIO/axi_gpio_ext_jp/axi_gpio_ext_vitis/axi_gpio_ext_app/Debug/axi_gpio_ext_app.elf
configparams force-mem-access 0
----------------End of Script----------------

21:24:07 INFO  : Context for processor 'ps7_cortexa9_0' is selected.
21:24:07 INFO  : 'con' command is executed.
21:24:07 INFO  : ----------------XSDB Script (After Launch)----------------
targets -set -nocase -filter {name =~ "*A9*#0"}
con
----------------End of Script----------------

21:24:07 INFO  : Launch script is exported to file 'C:\Xilinx\ECE520\02-AXI_GPIO\axi_gpio_ext_jp\axi_gpio_ext_vitis\axi_gpio_ext_app_system\_ide\scripts\debugger_axi_gpio_ext_app-default.tcl'
21:27:21 INFO  : Checking for BSP changes to sync application flags for project 'axi_gpio_ext_app'...
21:27:49 INFO  : Disconnected from the channel tcfchan#25.
21:27:50 INFO  : Connected to target on host '127.0.0.1' and port '3121'.
21:27:53 INFO  : Jtag cable 'Digilent Zybo Z7 210351BE7AECA' is selected.
21:27:53 INFO  : 'jtag frequency' command is executed.
21:27:53 INFO  : Context for 'APU' is selected.
21:27:53 INFO  : System reset is completed.
21:27:56 INFO  : 'after 3000' command is executed.
21:27:56 INFO  : 'targets -set -filter {jtag_cable_name =~ "Digilent Zybo Z7 210351BE7AECA" && level==0 && jtag_device_ctx=="jsn-Zybo Z7-210351BE7AECA-13722093-0"}' command is executed.
21:27:57 INFO  : Device configured successfully with "C:/Xilinx/ECE520/02-AXI_GPIO/axi_gpio_ext_jp/axi_gpio_ext_vitis/axi_gpio_ext_app/_ide/bitstream/axi_gpio_ext_jp_wrapper.bit"
21:27:57 INFO  : Context for 'APU' is selected.
21:27:57 INFO  : Hardware design and registers information is loaded from 'C:/Xilinx/ECE520/02-AXI_GPIO/axi_gpio_ext_jp/axi_gpio_ext_vitis/axi_gpio_ext_platform/export/axi_gpio_ext_platform/hw/axi_gpio_ext_jp_wrapper.xsa'.
21:27:57 INFO  : 'configparams force-mem-access 1' command is executed.
21:27:57 INFO  : Context for 'APU' is selected.
21:27:57 INFO  : Sourcing of 'C:/Xilinx/ECE520/02-AXI_GPIO/axi_gpio_ext_jp/axi_gpio_ext_vitis/axi_gpio_ext_app/_ide/psinit/ps7_init.tcl' is done.
21:27:58 INFO  : 'ps7_init' command is executed.
21:27:58 INFO  : 'ps7_post_config' command is executed.
21:27:58 INFO  : Context for processor 'ps7_cortexa9_0' is selected.
21:27:58 INFO  : The application 'C:/Xilinx/ECE520/02-AXI_GPIO/axi_gpio_ext_jp/axi_gpio_ext_vitis/axi_gpio_ext_app/Debug/axi_gpio_ext_app.elf' is downloaded to processor 'ps7_cortexa9_0'.
21:27:58 INFO  : 'configparams force-mem-access 0' command is executed.
21:27:58 INFO  : ----------------XSDB Script----------------
connect -url tcp:127.0.0.1:3121
targets -set -nocase -filter {name =~"APU*"}
rst -system
after 3000
targets -set -filter {jtag_cable_name =~ "Digilent Zybo Z7 210351BE7AECA" && level==0 && jtag_device_ctx=="jsn-Zybo Z7-210351BE7AECA-13722093-0"}
fpga -file C:/Xilinx/ECE520/02-AXI_GPIO/axi_gpio_ext_jp/axi_gpio_ext_vitis/axi_gpio_ext_app/_ide/bitstream/axi_gpio_ext_jp_wrapper.bit
targets -set -nocase -filter {name =~"APU*"}
loadhw -hw C:/Xilinx/ECE520/02-AXI_GPIO/axi_gpio_ext_jp/axi_gpio_ext_vitis/axi_gpio_ext_platform/export/axi_gpio_ext_platform/hw/axi_gpio_ext_jp_wrapper.xsa -mem-ranges [list {0x40000000 0xbfffffff}] -regs
configparams force-mem-access 1
targets -set -nocase -filter {name =~"APU*"}
source C:/Xilinx/ECE520/02-AXI_GPIO/axi_gpio_ext_jp/axi_gpio_ext_vitis/axi_gpio_ext_app/_ide/psinit/ps7_init.tcl
ps7_init
ps7_post_config
targets -set -nocase -filter {name =~ "*A9*#0"}
dow C:/Xilinx/ECE520/02-AXI_GPIO/axi_gpio_ext_jp/axi_gpio_ext_vitis/axi_gpio_ext_app/Debug/axi_gpio_ext_app.elf
configparams force-mem-access 0
----------------End of Script----------------

21:27:58 INFO  : Context for processor 'ps7_cortexa9_0' is selected.
21:27:58 INFO  : 'con' command is executed.
21:27:58 INFO  : ----------------XSDB Script (After Launch)----------------
targets -set -nocase -filter {name =~ "*A9*#0"}
con
----------------End of Script----------------

21:27:58 INFO  : Launch script is exported to file 'C:\Xilinx\ECE520\02-AXI_GPIO\axi_gpio_ext_jp\axi_gpio_ext_vitis\axi_gpio_ext_app_system\_ide\scripts\debugger_axi_gpio_ext_app-default.tcl'
21:32:14 INFO  : Checking for BSP changes to sync application flags for project 'axi_gpio_ext_app'...
21:32:44 INFO  : Disconnected from the channel tcfchan#27.
21:32:45 INFO  : Connected to target on host '127.0.0.1' and port '3121'.
21:32:55 INFO  : ----------------XSDB Script----------------
connect -url tcp:127.0.0.1:3121
----------------End of Script----------------

21:32:55 ERROR : Could not find FPGA device on the board for connection 'Local'.


Troubleshooting hints:
1. Check whether board is connected to system properly.
2. In case of zynq board, check whether Digilent/Xilinx cable switch settings are correct.
3. If you are using Xilinx Platform Cable USB, ensure that status LED is green.
21:33:03 INFO  : Connected to target on host '127.0.0.1' and port '3121'.
21:33:03 INFO  : Jtag cable 'Digilent Zybo Z7 210351BE7AECA' is selected.
21:33:03 INFO  : 'jtag frequency' command is executed.
21:33:03 INFO  : Context for 'APU' is selected.
21:33:03 INFO  : System reset is completed.
21:33:06 INFO  : 'after 3000' command is executed.
21:33:06 INFO  : 'targets -set -filter {jtag_cable_name =~ "Digilent Zybo Z7 210351BE7AECA" && level==0 && jtag_device_ctx=="jsn-Zybo Z7-210351BE7AECA-13722093-0"}' command is executed.
21:33:08 INFO  : Device configured successfully with "C:/Xilinx/ECE520/02-AXI_GPIO/axi_gpio_ext_jp/axi_gpio_ext_vitis/axi_gpio_ext_app/_ide/bitstream/axi_gpio_ext_jp_wrapper.bit"
21:33:08 INFO  : Context for 'APU' is selected.
21:33:08 INFO  : Hardware design and registers information is loaded from 'C:/Xilinx/ECE520/02-AXI_GPIO/axi_gpio_ext_jp/axi_gpio_ext_vitis/axi_gpio_ext_platform/export/axi_gpio_ext_platform/hw/axi_gpio_ext_jp_wrapper.xsa'.
21:33:08 INFO  : 'configparams force-mem-access 1' command is executed.
21:33:08 INFO  : Context for 'APU' is selected.
21:33:08 INFO  : Sourcing of 'C:/Xilinx/ECE520/02-AXI_GPIO/axi_gpio_ext_jp/axi_gpio_ext_vitis/axi_gpio_ext_app/_ide/psinit/ps7_init.tcl' is done.
21:33:08 INFO  : 'ps7_init' command is executed.
21:33:08 INFO  : 'ps7_post_config' command is executed.
21:33:08 INFO  : Context for processor 'ps7_cortexa9_0' is selected.
21:33:08 INFO  : The application 'C:/Xilinx/ECE520/02-AXI_GPIO/axi_gpio_ext_jp/axi_gpio_ext_vitis/axi_gpio_ext_app/Debug/axi_gpio_ext_app.elf' is downloaded to processor 'ps7_cortexa9_0'.
21:33:08 INFO  : 'configparams force-mem-access 0' command is executed.
21:33:08 INFO  : ----------------XSDB Script----------------
connect -url tcp:127.0.0.1:3121
targets -set -nocase -filter {name =~"APU*"}
rst -system
after 3000
targets -set -filter {jtag_cable_name =~ "Digilent Zybo Z7 210351BE7AECA" && level==0 && jtag_device_ctx=="jsn-Zybo Z7-210351BE7AECA-13722093-0"}
fpga -file C:/Xilinx/ECE520/02-AXI_GPIO/axi_gpio_ext_jp/axi_gpio_ext_vitis/axi_gpio_ext_app/_ide/bitstream/axi_gpio_ext_jp_wrapper.bit
targets -set -nocase -filter {name =~"APU*"}
loadhw -hw C:/Xilinx/ECE520/02-AXI_GPIO/axi_gpio_ext_jp/axi_gpio_ext_vitis/axi_gpio_ext_platform/export/axi_gpio_ext_platform/hw/axi_gpio_ext_jp_wrapper.xsa -mem-ranges [list {0x40000000 0xbfffffff}] -regs
configparams force-mem-access 1
targets -set -nocase -filter {name =~"APU*"}
source C:/Xilinx/ECE520/02-AXI_GPIO/axi_gpio_ext_jp/axi_gpio_ext_vitis/axi_gpio_ext_app/_ide/psinit/ps7_init.tcl
ps7_init
ps7_post_config
targets -set -nocase -filter {name =~ "*A9*#0"}
dow C:/Xilinx/ECE520/02-AXI_GPIO/axi_gpio_ext_jp/axi_gpio_ext_vitis/axi_gpio_ext_app/Debug/axi_gpio_ext_app.elf
configparams force-mem-access 0
----------------End of Script----------------

21:33:08 INFO  : Context for processor 'ps7_cortexa9_0' is selected.
21:33:08 INFO  : 'con' command is executed.
21:33:08 INFO  : ----------------XSDB Script (After Launch)----------------
targets -set -nocase -filter {name =~ "*A9*#0"}
con
----------------End of Script----------------

21:33:08 INFO  : Launch script is exported to file 'C:\Xilinx\ECE520\02-AXI_GPIO\axi_gpio_ext_jp\axi_gpio_ext_vitis\axi_gpio_ext_app_system\_ide\scripts\debugger_axi_gpio_ext_app-default.tcl'
21:34:57 INFO  : Checking for BSP changes to sync application flags for project 'axi_gpio_ext_app'...
21:35:18 INFO  : Disconnected from the channel tcfchan#29.
21:35:19 INFO  : Connected to target on host '127.0.0.1' and port '3121'.
21:35:21 INFO  : Jtag cable 'Digilent Zybo Z7 210351BE7AECA' is selected.
21:35:21 INFO  : 'jtag frequency' command is executed.
21:35:21 INFO  : Context for 'APU' is selected.
21:35:21 INFO  : System reset is completed.
21:35:24 INFO  : 'after 3000' command is executed.
21:35:24 INFO  : 'targets -set -filter {jtag_cable_name =~ "Digilent Zybo Z7 210351BE7AECA" && level==0 && jtag_device_ctx=="jsn-Zybo Z7-210351BE7AECA-13722093-0"}' command is executed.
21:35:25 INFO  : Device configured successfully with "C:/Xilinx/ECE520/02-AXI_GPIO/axi_gpio_ext_jp/axi_gpio_ext_vitis/axi_gpio_ext_app/_ide/bitstream/axi_gpio_ext_jp_wrapper.bit"
21:35:25 INFO  : Context for 'APU' is selected.
21:35:25 INFO  : Hardware design and registers information is loaded from 'C:/Xilinx/ECE520/02-AXI_GPIO/axi_gpio_ext_jp/axi_gpio_ext_vitis/axi_gpio_ext_platform/export/axi_gpio_ext_platform/hw/axi_gpio_ext_jp_wrapper.xsa'.
21:35:25 INFO  : 'configparams force-mem-access 1' command is executed.
21:35:25 INFO  : Context for 'APU' is selected.
21:35:25 INFO  : Sourcing of 'C:/Xilinx/ECE520/02-AXI_GPIO/axi_gpio_ext_jp/axi_gpio_ext_vitis/axi_gpio_ext_app/_ide/psinit/ps7_init.tcl' is done.
21:35:26 INFO  : 'ps7_init' command is executed.
21:35:26 INFO  : 'ps7_post_config' command is executed.
21:35:26 INFO  : Context for processor 'ps7_cortexa9_0' is selected.
21:35:26 INFO  : The application 'C:/Xilinx/ECE520/02-AXI_GPIO/axi_gpio_ext_jp/axi_gpio_ext_vitis/axi_gpio_ext_app/Debug/axi_gpio_ext_app.elf' is downloaded to processor 'ps7_cortexa9_0'.
21:35:26 INFO  : 'configparams force-mem-access 0' command is executed.
21:35:26 INFO  : ----------------XSDB Script----------------
connect -url tcp:127.0.0.1:3121
targets -set -nocase -filter {name =~"APU*"}
rst -system
after 3000
targets -set -filter {jtag_cable_name =~ "Digilent Zybo Z7 210351BE7AECA" && level==0 && jtag_device_ctx=="jsn-Zybo Z7-210351BE7AECA-13722093-0"}
fpga -file C:/Xilinx/ECE520/02-AXI_GPIO/axi_gpio_ext_jp/axi_gpio_ext_vitis/axi_gpio_ext_app/_ide/bitstream/axi_gpio_ext_jp_wrapper.bit
targets -set -nocase -filter {name =~"APU*"}
loadhw -hw C:/Xilinx/ECE520/02-AXI_GPIO/axi_gpio_ext_jp/axi_gpio_ext_vitis/axi_gpio_ext_platform/export/axi_gpio_ext_platform/hw/axi_gpio_ext_jp_wrapper.xsa -mem-ranges [list {0x40000000 0xbfffffff}] -regs
configparams force-mem-access 1
targets -set -nocase -filter {name =~"APU*"}
source C:/Xilinx/ECE520/02-AXI_GPIO/axi_gpio_ext_jp/axi_gpio_ext_vitis/axi_gpio_ext_app/_ide/psinit/ps7_init.tcl
ps7_init
ps7_post_config
targets -set -nocase -filter {name =~ "*A9*#0"}
dow C:/Xilinx/ECE520/02-AXI_GPIO/axi_gpio_ext_jp/axi_gpio_ext_vitis/axi_gpio_ext_app/Debug/axi_gpio_ext_app.elf
configparams force-mem-access 0
----------------End of Script----------------

21:35:26 INFO  : Context for processor 'ps7_cortexa9_0' is selected.
21:35:26 INFO  : 'con' command is executed.
21:35:26 INFO  : ----------------XSDB Script (After Launch)----------------
targets -set -nocase -filter {name =~ "*A9*#0"}
con
----------------End of Script----------------

21:35:26 INFO  : Launch script is exported to file 'C:\Xilinx\ECE520\02-AXI_GPIO\axi_gpio_ext_jp\axi_gpio_ext_vitis\axi_gpio_ext_app_system\_ide\scripts\debugger_axi_gpio_ext_app-default.tcl'
21:36:27 INFO  : Checking for BSP changes to sync application flags for project 'axi_gpio_ext_app'...
21:36:41 INFO  : Disconnected from the channel tcfchan#31.
21:36:42 INFO  : Connected to target on host '127.0.0.1' and port '3121'.
21:36:43 INFO  : ----------------XSDB Script----------------
connect -url tcp:127.0.0.1:3121
----------------End of Script----------------

21:36:43 ERROR : Could not find FPGA device on the board for connection 'Local'.


Troubleshooting hints:
1. Check whether board is connected to system properly.
2. In case of zynq board, check whether Digilent/Xilinx cable switch settings are correct.
3. If you are using Xilinx Platform Cable USB, ensure that status LED is green.
21:36:48 INFO  : Connected to target on host '127.0.0.1' and port '3121'.
21:36:48 INFO  : Jtag cable 'Digilent Zybo Z7 210351BE7AECA' is selected.
21:36:48 INFO  : 'jtag frequency' command is executed.
21:36:48 INFO  : Context for 'APU' is selected.
21:36:48 INFO  : System reset is completed.
21:36:51 INFO  : 'after 3000' command is executed.
21:36:51 INFO  : 'targets -set -filter {jtag_cable_name =~ "Digilent Zybo Z7 210351BE7AECA" && level==0 && jtag_device_ctx=="jsn-Zybo Z7-210351BE7AECA-13722093-0"}' command is executed.
21:36:52 INFO  : Device configured successfully with "C:/Xilinx/ECE520/02-AXI_GPIO/axi_gpio_ext_jp/axi_gpio_ext_vitis/axi_gpio_ext_app/_ide/bitstream/axi_gpio_ext_jp_wrapper.bit"
21:36:52 INFO  : Context for 'APU' is selected.
21:36:52 INFO  : Hardware design and registers information is loaded from 'C:/Xilinx/ECE520/02-AXI_GPIO/axi_gpio_ext_jp/axi_gpio_ext_vitis/axi_gpio_ext_platform/export/axi_gpio_ext_platform/hw/axi_gpio_ext_jp_wrapper.xsa'.
21:36:52 INFO  : 'configparams force-mem-access 1' command is executed.
21:36:52 INFO  : Context for 'APU' is selected.
21:36:52 INFO  : Sourcing of 'C:/Xilinx/ECE520/02-AXI_GPIO/axi_gpio_ext_jp/axi_gpio_ext_vitis/axi_gpio_ext_app/_ide/psinit/ps7_init.tcl' is done.
21:36:53 INFO  : 'ps7_init' command is executed.
21:36:53 INFO  : 'ps7_post_config' command is executed.
21:36:53 INFO  : Context for processor 'ps7_cortexa9_0' is selected.
21:36:53 INFO  : The application 'C:/Xilinx/ECE520/02-AXI_GPIO/axi_gpio_ext_jp/axi_gpio_ext_vitis/axi_gpio_ext_app/Debug/axi_gpio_ext_app.elf' is downloaded to processor 'ps7_cortexa9_0'.
21:36:53 INFO  : 'configparams force-mem-access 0' command is executed.
21:36:53 INFO  : ----------------XSDB Script----------------
connect -url tcp:127.0.0.1:3121
targets -set -nocase -filter {name =~"APU*"}
rst -system
after 3000
targets -set -filter {jtag_cable_name =~ "Digilent Zybo Z7 210351BE7AECA" && level==0 && jtag_device_ctx=="jsn-Zybo Z7-210351BE7AECA-13722093-0"}
fpga -file C:/Xilinx/ECE520/02-AXI_GPIO/axi_gpio_ext_jp/axi_gpio_ext_vitis/axi_gpio_ext_app/_ide/bitstream/axi_gpio_ext_jp_wrapper.bit
targets -set -nocase -filter {name =~"APU*"}
loadhw -hw C:/Xilinx/ECE520/02-AXI_GPIO/axi_gpio_ext_jp/axi_gpio_ext_vitis/axi_gpio_ext_platform/export/axi_gpio_ext_platform/hw/axi_gpio_ext_jp_wrapper.xsa -mem-ranges [list {0x40000000 0xbfffffff}] -regs
configparams force-mem-access 1
targets -set -nocase -filter {name =~"APU*"}
source C:/Xilinx/ECE520/02-AXI_GPIO/axi_gpio_ext_jp/axi_gpio_ext_vitis/axi_gpio_ext_app/_ide/psinit/ps7_init.tcl
ps7_init
ps7_post_config
targets -set -nocase -filter {name =~ "*A9*#0"}
dow C:/Xilinx/ECE520/02-AXI_GPIO/axi_gpio_ext_jp/axi_gpio_ext_vitis/axi_gpio_ext_app/Debug/axi_gpio_ext_app.elf
configparams force-mem-access 0
----------------End of Script----------------

21:36:53 INFO  : Context for processor 'ps7_cortexa9_0' is selected.
21:36:53 INFO  : 'con' command is executed.
21:36:53 INFO  : ----------------XSDB Script (After Launch)----------------
targets -set -nocase -filter {name =~ "*A9*#0"}
con
----------------End of Script----------------

21:36:53 INFO  : Launch script is exported to file 'C:\Xilinx\ECE520\02-AXI_GPIO\axi_gpio_ext_jp\axi_gpio_ext_vitis\axi_gpio_ext_app_system\_ide\scripts\debugger_axi_gpio_ext_app-default.tcl'
21:39:07 INFO  : Checking for BSP changes to sync application flags for project 'axi_gpio_ext_app'...
21:39:28 INFO  : Disconnected from the channel tcfchan#33.
21:39:29 INFO  : Connected to target on host '127.0.0.1' and port '3121'.
21:39:38 INFO  : ----------------XSDB Script----------------
connect -url tcp:127.0.0.1:3121
----------------End of Script----------------

21:39:38 ERROR : Could not find FPGA device on the board for connection 'Local'.


Troubleshooting hints:
1. Check whether board is connected to system properly.
2. In case of zynq board, check whether Digilent/Xilinx cable switch settings are correct.
3. If you are using Xilinx Platform Cable USB, ensure that status LED is green.
21:39:45 INFO  : Connected to target on host '127.0.0.1' and port '3121'.
21:39:45 INFO  : Jtag cable 'Digilent Zybo Z7 210351BE7AECA' is selected.
21:39:45 INFO  : 'jtag frequency' command is executed.
21:39:45 INFO  : Context for 'APU' is selected.
21:39:45 INFO  : System reset is completed.
21:39:48 INFO  : 'after 3000' command is executed.
21:39:49 INFO  : 'targets -set -filter {jtag_cable_name =~ "Digilent Zybo Z7 210351BE7AECA" && level==0 && jtag_device_ctx=="jsn-Zybo Z7-210351BE7AECA-13722093-0"}' command is executed.
21:39:50 INFO  : Device configured successfully with "C:/Xilinx/ECE520/02-AXI_GPIO/axi_gpio_ext_jp/axi_gpio_ext_vitis/axi_gpio_ext_app/_ide/bitstream/axi_gpio_ext_jp_wrapper.bit"
21:39:50 INFO  : Context for 'APU' is selected.
21:39:50 INFO  : Hardware design and registers information is loaded from 'C:/Xilinx/ECE520/02-AXI_GPIO/axi_gpio_ext_jp/axi_gpio_ext_vitis/axi_gpio_ext_platform/export/axi_gpio_ext_platform/hw/axi_gpio_ext_jp_wrapper.xsa'.
21:39:50 INFO  : 'configparams force-mem-access 1' command is executed.
21:39:50 INFO  : Context for 'APU' is selected.
21:39:50 INFO  : Sourcing of 'C:/Xilinx/ECE520/02-AXI_GPIO/axi_gpio_ext_jp/axi_gpio_ext_vitis/axi_gpio_ext_app/_ide/psinit/ps7_init.tcl' is done.
21:39:50 INFO  : 'ps7_init' command is executed.
21:39:50 INFO  : 'ps7_post_config' command is executed.
21:39:50 INFO  : Context for processor 'ps7_cortexa9_0' is selected.
21:39:50 INFO  : The application 'C:/Xilinx/ECE520/02-AXI_GPIO/axi_gpio_ext_jp/axi_gpio_ext_vitis/axi_gpio_ext_app/Debug/axi_gpio_ext_app.elf' is downloaded to processor 'ps7_cortexa9_0'.
21:39:51 INFO  : 'configparams force-mem-access 0' command is executed.
21:39:51 INFO  : ----------------XSDB Script----------------
connect -url tcp:127.0.0.1:3121
targets -set -nocase -filter {name =~"APU*"}
rst -system
after 3000
targets -set -filter {jtag_cable_name =~ "Digilent Zybo Z7 210351BE7AECA" && level==0 && jtag_device_ctx=="jsn-Zybo Z7-210351BE7AECA-13722093-0"}
fpga -file C:/Xilinx/ECE520/02-AXI_GPIO/axi_gpio_ext_jp/axi_gpio_ext_vitis/axi_gpio_ext_app/_ide/bitstream/axi_gpio_ext_jp_wrapper.bit
targets -set -nocase -filter {name =~"APU*"}
loadhw -hw C:/Xilinx/ECE520/02-AXI_GPIO/axi_gpio_ext_jp/axi_gpio_ext_vitis/axi_gpio_ext_platform/export/axi_gpio_ext_platform/hw/axi_gpio_ext_jp_wrapper.xsa -mem-ranges [list {0x40000000 0xbfffffff}] -regs
configparams force-mem-access 1
targets -set -nocase -filter {name =~"APU*"}
source C:/Xilinx/ECE520/02-AXI_GPIO/axi_gpio_ext_jp/axi_gpio_ext_vitis/axi_gpio_ext_app/_ide/psinit/ps7_init.tcl
ps7_init
ps7_post_config
targets -set -nocase -filter {name =~ "*A9*#0"}
dow C:/Xilinx/ECE520/02-AXI_GPIO/axi_gpio_ext_jp/axi_gpio_ext_vitis/axi_gpio_ext_app/Debug/axi_gpio_ext_app.elf
configparams force-mem-access 0
----------------End of Script----------------

21:39:51 INFO  : Context for processor 'ps7_cortexa9_0' is selected.
21:39:51 INFO  : 'con' command is executed.
21:39:51 INFO  : ----------------XSDB Script (After Launch)----------------
targets -set -nocase -filter {name =~ "*A9*#0"}
con
----------------End of Script----------------

21:39:51 INFO  : Launch script is exported to file 'C:\Xilinx\ECE520\02-AXI_GPIO\axi_gpio_ext_jp\axi_gpio_ext_vitis\axi_gpio_ext_app_system\_ide\scripts\debugger_axi_gpio_ext_app-default.tcl'
21:42:02 INFO  : Checking for BSP changes to sync application flags for project 'axi_gpio_ext_app'...
21:42:20 INFO  : Disconnected from the channel tcfchan#35.
21:42:21 INFO  : Connected to target on host '127.0.0.1' and port '3121'.
21:42:24 INFO  : Jtag cable 'Digilent Zybo Z7 210351BE7AECA' is selected.
21:42:24 INFO  : 'jtag frequency' command is executed.
21:42:24 INFO  : Context for 'APU' is selected.
21:42:24 INFO  : System reset is completed.
21:42:27 INFO  : 'after 3000' command is executed.
21:42:27 INFO  : 'targets -set -filter {jtag_cable_name =~ "Digilent Zybo Z7 210351BE7AECA" && level==0 && jtag_device_ctx=="jsn-Zybo Z7-210351BE7AECA-13722093-0"}' command is executed.
21:42:28 INFO  : Device configured successfully with "C:/Xilinx/ECE520/02-AXI_GPIO/axi_gpio_ext_jp/axi_gpio_ext_vitis/axi_gpio_ext_app/_ide/bitstream/axi_gpio_ext_jp_wrapper.bit"
21:42:28 INFO  : Context for 'APU' is selected.
21:42:28 INFO  : Hardware design and registers information is loaded from 'C:/Xilinx/ECE520/02-AXI_GPIO/axi_gpio_ext_jp/axi_gpio_ext_vitis/axi_gpio_ext_platform/export/axi_gpio_ext_platform/hw/axi_gpio_ext_jp_wrapper.xsa'.
21:42:28 INFO  : 'configparams force-mem-access 1' command is executed.
21:42:28 INFO  : Context for 'APU' is selected.
21:42:28 INFO  : Sourcing of 'C:/Xilinx/ECE520/02-AXI_GPIO/axi_gpio_ext_jp/axi_gpio_ext_vitis/axi_gpio_ext_app/_ide/psinit/ps7_init.tcl' is done.
21:42:29 INFO  : 'ps7_init' command is executed.
21:42:29 INFO  : 'ps7_post_config' command is executed.
21:42:29 INFO  : Context for processor 'ps7_cortexa9_0' is selected.
21:42:29 INFO  : The application 'C:/Xilinx/ECE520/02-AXI_GPIO/axi_gpio_ext_jp/axi_gpio_ext_vitis/axi_gpio_ext_app/Debug/axi_gpio_ext_app.elf' is downloaded to processor 'ps7_cortexa9_0'.
21:42:29 INFO  : 'configparams force-mem-access 0' command is executed.
21:42:29 INFO  : ----------------XSDB Script----------------
connect -url tcp:127.0.0.1:3121
targets -set -nocase -filter {name =~"APU*"}
rst -system
after 3000
targets -set -filter {jtag_cable_name =~ "Digilent Zybo Z7 210351BE7AECA" && level==0 && jtag_device_ctx=="jsn-Zybo Z7-210351BE7AECA-13722093-0"}
fpga -file C:/Xilinx/ECE520/02-AXI_GPIO/axi_gpio_ext_jp/axi_gpio_ext_vitis/axi_gpio_ext_app/_ide/bitstream/axi_gpio_ext_jp_wrapper.bit
targets -set -nocase -filter {name =~"APU*"}
loadhw -hw C:/Xilinx/ECE520/02-AXI_GPIO/axi_gpio_ext_jp/axi_gpio_ext_vitis/axi_gpio_ext_platform/export/axi_gpio_ext_platform/hw/axi_gpio_ext_jp_wrapper.xsa -mem-ranges [list {0x40000000 0xbfffffff}] -regs
configparams force-mem-access 1
targets -set -nocase -filter {name =~"APU*"}
source C:/Xilinx/ECE520/02-AXI_GPIO/axi_gpio_ext_jp/axi_gpio_ext_vitis/axi_gpio_ext_app/_ide/psinit/ps7_init.tcl
ps7_init
ps7_post_config
targets -set -nocase -filter {name =~ "*A9*#0"}
dow C:/Xilinx/ECE520/02-AXI_GPIO/axi_gpio_ext_jp/axi_gpio_ext_vitis/axi_gpio_ext_app/Debug/axi_gpio_ext_app.elf
configparams force-mem-access 0
----------------End of Script----------------

21:42:29 INFO  : Context for processor 'ps7_cortexa9_0' is selected.
21:42:29 INFO  : 'con' command is executed.
21:42:29 INFO  : ----------------XSDB Script (After Launch)----------------
targets -set -nocase -filter {name =~ "*A9*#0"}
con
----------------End of Script----------------

21:42:29 INFO  : Launch script is exported to file 'C:\Xilinx\ECE520\02-AXI_GPIO\axi_gpio_ext_jp\axi_gpio_ext_vitis\axi_gpio_ext_app_system\_ide\scripts\debugger_axi_gpio_ext_app-default.tcl'
12:19:28 INFO  : Checking for BSP changes to sync application flags for project 'axi_gpio_ext_app'...
12:20:04 INFO  : Disconnected from the channel tcfchan#37.
12:20:05 INFO  : Connected to target on host '127.0.0.1' and port '3121'.
12:20:15 INFO  : ----------------XSDB Script----------------
connect -url tcp:127.0.0.1:3121
----------------End of Script----------------

12:20:15 ERROR : Could not find ARM device on the board for connection 'Local'.
Check if the target is in:
1. Split JTAG - No operations are possible with ARM DAP.
2. Non JTAG bootmode - Bootrom may need time to enable DAP.
Please try again.


Troubleshooting hints:
1. Check whether board is connected to system properly.
2. In case of zynq board, check whether Digilent/Xilinx cable switch settings are correct.
3. If you are using Xilinx Platform Cable USB, ensure that status LED is green.
12:20:21 INFO  : Connected to target on host '127.0.0.1' and port '3121'.
12:20:22 INFO  : Jtag cable 'Digilent Zybo Z7 210351BE7AECA' is selected.
12:20:22 INFO  : 'jtag frequency' command is executed.
12:20:22 INFO  : Context for 'APU' is selected.
12:20:22 INFO  : System reset is completed.
12:20:25 INFO  : 'after 3000' command is executed.
12:20:25 INFO  : 'targets -set -filter {jtag_cable_name =~ "Digilent Zybo Z7 210351BE7AECA" && level==0 && jtag_device_ctx=="jsn-Zybo Z7-210351BE7AECA-13722093-0"}' command is executed.
12:20:26 INFO  : Device configured successfully with "C:/Xilinx/ECE520/02-AXI_GPIO/axi_gpio_ext_jp/axi_gpio_ext_vitis/axi_gpio_ext_app/_ide/bitstream/axi_gpio_ext_jp_wrapper.bit"
12:20:26 INFO  : Context for 'APU' is selected.
12:20:26 INFO  : Hardware design and registers information is loaded from 'C:/Xilinx/ECE520/02-AXI_GPIO/axi_gpio_ext_jp/axi_gpio_ext_vitis/axi_gpio_ext_platform/export/axi_gpio_ext_platform/hw/axi_gpio_ext_jp_wrapper.xsa'.
12:20:26 INFO  : 'configparams force-mem-access 1' command is executed.
12:20:26 INFO  : Context for 'APU' is selected.
12:20:26 INFO  : Sourcing of 'C:/Xilinx/ECE520/02-AXI_GPIO/axi_gpio_ext_jp/axi_gpio_ext_vitis/axi_gpio_ext_app/_ide/psinit/ps7_init.tcl' is done.
12:20:27 INFO  : 'ps7_init' command is executed.
12:20:27 INFO  : 'ps7_post_config' command is executed.
12:20:27 INFO  : Context for processor 'ps7_cortexa9_0' is selected.
12:20:27 INFO  : The application 'C:/Xilinx/ECE520/02-AXI_GPIO/axi_gpio_ext_jp/axi_gpio_ext_vitis/axi_gpio_ext_app/Debug/axi_gpio_ext_app.elf' is downloaded to processor 'ps7_cortexa9_0'.
12:20:27 INFO  : 'configparams force-mem-access 0' command is executed.
12:20:27 INFO  : ----------------XSDB Script----------------
connect -url tcp:127.0.0.1:3121
targets -set -nocase -filter {name =~"APU*"}
rst -system
after 3000
targets -set -filter {jtag_cable_name =~ "Digilent Zybo Z7 210351BE7AECA" && level==0 && jtag_device_ctx=="jsn-Zybo Z7-210351BE7AECA-13722093-0"}
fpga -file C:/Xilinx/ECE520/02-AXI_GPIO/axi_gpio_ext_jp/axi_gpio_ext_vitis/axi_gpio_ext_app/_ide/bitstream/axi_gpio_ext_jp_wrapper.bit
targets -set -nocase -filter {name =~"APU*"}
loadhw -hw C:/Xilinx/ECE520/02-AXI_GPIO/axi_gpio_ext_jp/axi_gpio_ext_vitis/axi_gpio_ext_platform/export/axi_gpio_ext_platform/hw/axi_gpio_ext_jp_wrapper.xsa -mem-ranges [list {0x40000000 0xbfffffff}] -regs
configparams force-mem-access 1
targets -set -nocase -filter {name =~"APU*"}
source C:/Xilinx/ECE520/02-AXI_GPIO/axi_gpio_ext_jp/axi_gpio_ext_vitis/axi_gpio_ext_app/_ide/psinit/ps7_init.tcl
ps7_init
ps7_post_config
targets -set -nocase -filter {name =~ "*A9*#0"}
dow C:/Xilinx/ECE520/02-AXI_GPIO/axi_gpio_ext_jp/axi_gpio_ext_vitis/axi_gpio_ext_app/Debug/axi_gpio_ext_app.elf
configparams force-mem-access 0
----------------End of Script----------------

12:20:27 INFO  : Context for processor 'ps7_cortexa9_0' is selected.
12:20:27 INFO  : 'con' command is executed.
12:20:27 INFO  : ----------------XSDB Script (After Launch)----------------
targets -set -nocase -filter {name =~ "*A9*#0"}
con
----------------End of Script----------------

12:20:27 INFO  : Launch script is exported to file 'C:\Xilinx\ECE520\02-AXI_GPIO\axi_gpio_ext_jp\axi_gpio_ext_vitis\axi_gpio_ext_app_system\_ide\scripts\debugger_axi_gpio_ext_app-default.tcl'
