16:15:56 DEBUG : Logs will be stored at 'C:/Xilinx/ECE520/02-AXI_GPIO/axi_gpio_jp/axi_gpio_vitis/IDE.log'.
16:16:07 INFO  : Launching XSCT server: xsct.bat -n  -interactive C:\Xilinx\ECE520\02-AXI_GPIO\axi_gpio_jp\axi_gpio_vitis\temp_xsdb_launch_script.tcl
16:16:07 INFO  : Registering command handlers for Vitis TCF services
16:16:07 INFO  : Platform repository initialization has completed.
16:16:11 INFO  : XSCT server has started successfully.
16:16:11 INFO  : Successfully done setting XSCT server connection channel  
16:16:11 INFO  : plnx-install-location is set to ''
16:16:11 INFO  : Successfully done setting workspace for the tool. 
16:16:11 INFO  : Successfully done query RDI_DATADIR 
16:20:29 INFO  : Result from executing command 'getProjects': axi_gpio_platform
16:20:29 INFO  : Result from executing command 'getPlatforms': xilinx_zcu102_base_202310_1|C:/Xilinx/Vitis/2023.1/base_platforms/xilinx_zcu102_base_202310_1/xilinx_zcu102_base_202310_1.xpfm;xilinx_zcu102_base_dfx_202310_1|C:/Xilinx/Vitis/2023.1/base_platforms/xilinx_zcu102_base_dfx_202310_1/xilinx_zcu102_base_dfx_202310_1.xpfm;xilinx_zcu104_base_202310_1|C:/Xilinx/Vitis/2023.1/base_platforms/xilinx_zcu104_base_202310_1/xilinx_zcu104_base_202310_1.xpfm
16:21:02 INFO  : Result from executing command 'getProjects': axi_gpio_platform
16:21:02 INFO  : Result from executing command 'getPlatforms': axi_gpio_platform|C:/Xilinx/ECE520/02-AXI_GPIO/axi_gpio_jp/axi_gpio_vitis/axi_gpio_platform/export/axi_gpio_platform/axi_gpio_platform.xpfm;xilinx_zcu102_base_202310_1|C:/Xilinx/Vitis/2023.1/base_platforms/xilinx_zcu102_base_202310_1/xilinx_zcu102_base_202310_1.xpfm;xilinx_zcu102_base_dfx_202310_1|C:/Xilinx/Vitis/2023.1/base_platforms/xilinx_zcu102_base_dfx_202310_1/xilinx_zcu102_base_dfx_202310_1.xpfm;xilinx_zcu104_base_202310_1|C:/Xilinx/Vitis/2023.1/base_platforms/xilinx_zcu104_base_202310_1/xilinx_zcu104_base_202310_1.xpfm
16:54:40 INFO  : Checking for BSP changes to sync application flags for project 'axi_gpio_app'...
16:58:01 INFO  : Checking for BSP changes to sync application flags for project 'axi_gpio_app'...
16:58:21 INFO  : Connected to target on host '127.0.0.1' and port '3121'.
16:58:21 INFO  : Jtag cable 'Digilent Zybo Z7 210351BE7AECA' is selected.
16:58:21 INFO  : 'jtag frequency' command is executed.
16:58:21 INFO  : Context for 'APU' is selected.
16:58:21 INFO  : System reset is completed.
16:58:24 INFO  : 'after 3000' command is executed.
16:58:24 INFO  : 'targets -set -filter {jtag_cable_name =~ "Digilent Zybo Z7 210351BE7AECA" && level==0 && jtag_device_ctx=="jsn-Zybo Z7-210351BE7AECA-13722093-0"}' command is executed.
16:58:26 INFO  : Device configured successfully with "C:/Xilinx/ECE520/02-AXI_GPIO/axi_gpio_jp/axi_gpio_vitis/axi_gpio_app/_ide/bitstream/axi_gpio_jp_wrapper.bit"
16:58:26 INFO  : Context for 'APU' is selected.
16:58:26 INFO  : Hardware design and registers information is loaded from 'C:/Xilinx/ECE520/02-AXI_GPIO/axi_gpio_jp/axi_gpio_vitis/axi_gpio_platform/export/axi_gpio_platform/hw/axi_gpio_jp_wrapper.xsa'.
16:58:26 INFO  : 'configparams force-mem-access 1' command is executed.
16:58:26 INFO  : Context for 'APU' is selected.
16:58:26 INFO  : Sourcing of 'C:/Xilinx/ECE520/02-AXI_GPIO/axi_gpio_jp/axi_gpio_vitis/axi_gpio_app/_ide/psinit/ps7_init.tcl' is done.
16:58:26 INFO  : 'ps7_init' command is executed.
16:58:26 INFO  : 'ps7_post_config' command is executed.
16:58:26 INFO  : 'configparams force-mem-access 0' command is executed.
16:58:26 INFO  : ----------------XSDB Script----------------
connect -url tcp:127.0.0.1:3121
targets -set -nocase -filter {name =~"APU*"}
rst -system
after 3000
targets -set -filter {jtag_cable_name =~ "Digilent Zybo Z7 210351BE7AECA" && level==0 && jtag_device_ctx=="jsn-Zybo Z7-210351BE7AECA-13722093-0"}
fpga -file C:/Xilinx/ECE520/02-AXI_GPIO/axi_gpio_jp/axi_gpio_vitis/axi_gpio_app/_ide/bitstream/axi_gpio_jp_wrapper.bit
targets -set -nocase -filter {name =~"APU*"}
loadhw -hw C:/Xilinx/ECE520/02-AXI_GPIO/axi_gpio_jp/axi_gpio_vitis/axi_gpio_platform/export/axi_gpio_platform/hw/axi_gpio_jp_wrapper.xsa -mem-ranges [list {0x40000000 0xbfffffff}] -regs
configparams force-mem-access 1
targets -set -nocase -filter {name =~"APU*"}
source C:/Xilinx/ECE520/02-AXI_GPIO/axi_gpio_jp/axi_gpio_vitis/axi_gpio_app/_ide/psinit/ps7_init.tcl
ps7_init
ps7_post_config
configparams force-mem-access 0
----------------End of Script----------------

16:58:26 INFO  : Launch script is exported to file 'C:\Xilinx\ECE520\02-AXI_GPIO\axi_gpio_jp\axi_gpio_vitis\axi_gpio_app_system\_ide\scripts\debugger_axi_gpio_app-default.tcl'
17:04:32 INFO  : Disconnected from the channel tcfchan#2.
17:04:36 INFO  : Connected to target on host '127.0.0.1' and port '3121'.
17:04:37 INFO  : Jtag cable 'Digilent Zybo Z7 210351BE7AECA' is selected.
17:04:37 INFO  : 'jtag frequency' command is executed.
17:04:37 INFO  : Context for 'APU' is selected.
17:04:37 INFO  : System reset is completed.
17:04:40 INFO  : 'after 3000' command is executed.
17:04:40 INFO  : 'targets -set -filter {jtag_cable_name =~ "Digilent Zybo Z7 210351BE7AECA" && level==0 && jtag_device_ctx=="jsn-Zybo Z7-210351BE7AECA-13722093-0"}' command is executed.
17:04:41 INFO  : Device configured successfully with "C:/Xilinx/ECE520/02-AXI_GPIO/axi_gpio_jp/axi_gpio_vitis/axi_gpio_app/_ide/bitstream/axi_gpio_jp_wrapper.bit"
17:04:41 INFO  : Context for 'APU' is selected.
17:04:41 INFO  : Hardware design and registers information is loaded from 'C:/Xilinx/ECE520/02-AXI_GPIO/axi_gpio_jp/axi_gpio_vitis/axi_gpio_platform/export/axi_gpio_platform/hw/axi_gpio_jp_wrapper.xsa'.
17:04:41 INFO  : 'configparams force-mem-access 1' command is executed.
17:04:41 INFO  : Context for 'APU' is selected.
17:04:41 INFO  : Sourcing of 'C:/Xilinx/ECE520/02-AXI_GPIO/axi_gpio_jp/axi_gpio_vitis/axi_gpio_app/_ide/psinit/ps7_init.tcl' is done.
17:04:41 INFO  : 'ps7_init' command is executed.
17:04:41 INFO  : 'ps7_post_config' command is executed.
17:04:41 INFO  : 'configparams force-mem-access 0' command is executed.
17:04:41 INFO  : ----------------XSDB Script----------------
connect -url tcp:127.0.0.1:3121
targets -set -nocase -filter {name =~"APU*"}
rst -system
after 3000
targets -set -filter {jtag_cable_name =~ "Digilent Zybo Z7 210351BE7AECA" && level==0 && jtag_device_ctx=="jsn-Zybo Z7-210351BE7AECA-13722093-0"}
fpga -file C:/Xilinx/ECE520/02-AXI_GPIO/axi_gpio_jp/axi_gpio_vitis/axi_gpio_app/_ide/bitstream/axi_gpio_jp_wrapper.bit
targets -set -nocase -filter {name =~"APU*"}
loadhw -hw C:/Xilinx/ECE520/02-AXI_GPIO/axi_gpio_jp/axi_gpio_vitis/axi_gpio_platform/export/axi_gpio_platform/hw/axi_gpio_jp_wrapper.xsa -mem-ranges [list {0x40000000 0xbfffffff}] -regs
configparams force-mem-access 1
targets -set -nocase -filter {name =~"APU*"}
source C:/Xilinx/ECE520/02-AXI_GPIO/axi_gpio_jp/axi_gpio_vitis/axi_gpio_app/_ide/psinit/ps7_init.tcl
ps7_init
ps7_post_config
configparams force-mem-access 0
----------------End of Script----------------

17:04:42 INFO  : Launch script is exported to file 'C:\Xilinx\ECE520\02-AXI_GPIO\axi_gpio_jp\axi_gpio_vitis\axi_gpio_app_system\_ide\scripts\systemdebugger_axi_gpio_app_system_standalone.tcl'
17:04:56 INFO  : Checking for BSP changes to sync application flags for project 'axi_gpio_app'...
17:05:45 INFO  : Checking for BSP changes to sync application flags for project 'axi_gpio_app'...
17:06:06 INFO  : Disconnected from the channel tcfchan#3.
17:06:07 INFO  : Connected to target on host '127.0.0.1' and port '3121'.
17:06:07 INFO  : Jtag cable 'Digilent Zybo Z7 210351BE7AECA' is selected.
17:06:07 ERROR : port closed
17:06:07 INFO  : ----------------XSDB Script----------------
connect -url tcp:127.0.0.1:3121
----------------End of Script----------------

17:06:07 ERROR : port closed
17:06:20 INFO  : Connected to target on host '127.0.0.1' and port '3121'.
17:06:21 INFO  : Jtag cable 'Digilent Zybo Z7 210351BE7AECA' is selected.
17:06:21 INFO  : 'jtag frequency' command is executed.
17:06:21 INFO  : Context for 'APU' is selected.
17:06:21 INFO  : System reset is completed.
17:06:24 INFO  : 'after 3000' command is executed.
17:06:24 INFO  : 'targets -set -filter {jtag_cable_name =~ "Digilent Zybo Z7 210351BE7AECA" && level==0 && jtag_device_ctx=="jsn-Zybo Z7-210351BE7AECA-13722093-0"}' command is executed.
17:06:25 INFO  : Device configured successfully with "C:/Xilinx/ECE520/02-AXI_GPIO/axi_gpio_jp/axi_gpio_vitis/axi_gpio_app/_ide/bitstream/axi_gpio_jp_wrapper.bit"
17:06:25 INFO  : Context for 'APU' is selected.
17:06:25 INFO  : Hardware design and registers information is loaded from 'C:/Xilinx/ECE520/02-AXI_GPIO/axi_gpio_jp/axi_gpio_vitis/axi_gpio_platform/export/axi_gpio_platform/hw/axi_gpio_jp_wrapper.xsa'.
17:06:25 INFO  : 'configparams force-mem-access 1' command is executed.
17:06:25 INFO  : Context for 'APU' is selected.
17:06:25 INFO  : Sourcing of 'C:/Xilinx/ECE520/02-AXI_GPIO/axi_gpio_jp/axi_gpio_vitis/axi_gpio_app/_ide/psinit/ps7_init.tcl' is done.
17:06:25 INFO  : 'ps7_init' command is executed.
17:06:25 INFO  : 'ps7_post_config' command is executed.
17:06:25 INFO  : Context for processor 'ps7_cortexa9_0' is selected.
17:06:26 INFO  : The application 'C:/Xilinx/ECE520/02-AXI_GPIO/axi_gpio_jp/axi_gpio_vitis/axi_gpio_app/Debug/axi_gpio_app.elf' is downloaded to processor 'ps7_cortexa9_0'.
17:06:26 INFO  : 'configparams force-mem-access 0' command is executed.
17:06:26 INFO  : ----------------XSDB Script----------------
connect -url tcp:127.0.0.1:3121
targets -set -nocase -filter {name =~"APU*"}
rst -system
after 3000
targets -set -filter {jtag_cable_name =~ "Digilent Zybo Z7 210351BE7AECA" && level==0 && jtag_device_ctx=="jsn-Zybo Z7-210351BE7AECA-13722093-0"}
fpga -file C:/Xilinx/ECE520/02-AXI_GPIO/axi_gpio_jp/axi_gpio_vitis/axi_gpio_app/_ide/bitstream/axi_gpio_jp_wrapper.bit
targets -set -nocase -filter {name =~"APU*"}
loadhw -hw C:/Xilinx/ECE520/02-AXI_GPIO/axi_gpio_jp/axi_gpio_vitis/axi_gpio_platform/export/axi_gpio_platform/hw/axi_gpio_jp_wrapper.xsa -mem-ranges [list {0x40000000 0xbfffffff}] -regs
configparams force-mem-access 1
targets -set -nocase -filter {name =~"APU*"}
source C:/Xilinx/ECE520/02-AXI_GPIO/axi_gpio_jp/axi_gpio_vitis/axi_gpio_app/_ide/psinit/ps7_init.tcl
ps7_init
ps7_post_config
targets -set -nocase -filter {name =~ "*A9*#0"}
dow C:/Xilinx/ECE520/02-AXI_GPIO/axi_gpio_jp/axi_gpio_vitis/axi_gpio_app/Debug/axi_gpio_app.elf
configparams force-mem-access 0
----------------End of Script----------------

17:06:26 INFO  : Context for processor 'ps7_cortexa9_0' is selected.
17:06:26 INFO  : 'con' command is executed.
17:06:26 INFO  : ----------------XSDB Script (After Launch)----------------
targets -set -nocase -filter {name =~ "*A9*#0"}
con
----------------End of Script----------------

17:06:26 INFO  : Launch script is exported to file 'C:\Xilinx\ECE520\02-AXI_GPIO\axi_gpio_jp\axi_gpio_vitis\axi_gpio_app_system\_ide\scripts\debugger_axi_gpio_app-default.tcl'
18:15:28 INFO  : Disconnected from the channel tcfchan#5.
