Nothing to build in platform 'axi_gpio_platform'

17:05:45 **** Incremental Build of configuration Debug for project axi_gpio_app ****
make all 
make --no-print-directory pre-build
a9-linaro-pre-build-step
' '
make --no-print-directory main-build
'Building file: ../src/helloworld.c'
'Invoking: ARM v7 gcc compiler'
arm-none-eabi-gcc -Wall -O0 -g3 -c -fmessage-length=0 -MT"src/helloworld.o" -mcpu=cortex-a9 -mfpu=vfpv3 -mfloat-abi=hard -IC:/Xilinx/ECE520/02-AXI_GPIO/axi_gpio_jp/axi_gpio_vitis/axi_gpio_platform/export/axi_gpio_platform/sw/axi_gpio_platform/standalone_domain/bspinclude/include -MMD -MP -MF"src/helloworld.d" -MT"src/helloworld.o" -o "src/helloworld.o" "../src/helloworld.c"
'Finished building: ../src/helloworld.c'
' '
'Building file: ../src/platform.c'
'Invoking: ARM v7 gcc compiler'
arm-none-eabi-gcc -Wall -O0 -g3 -c -fmessage-length=0 -MT"src/platform.o" -mcpu=cortex-a9 -mfpu=vfpv3 -mfloat-abi=hard -IC:/Xilinx/ECE520/02-AXI_GPIO/axi_gpio_jp/axi_gpio_vitis/axi_gpio_platform/export/axi_gpio_platform/sw/axi_gpio_platform/standalone_domain/bspinclude/include -MMD -MP -MF"src/platform.d" -MT"src/platform.o" -o "src/platform.o" "../src/platform.c"
'Finished building: ../src/platform.c'
' '
'Building target: axi_gpio_app.elf'
'Invoking: ARM v7 gcc linker'
arm-none-eabi-gcc -mcpu=cortex-a9 -mfpu=vfpv3 -mfloat-abi=hard -Wl,-build-id=none -specs=Xilinx.spec -Wl,-T -Wl,../src/lscript.ld -LC:/Xilinx/ECE520/02-AXI_GPIO/axi_gpio_jp/axi_gpio_vitis/axi_gpio_platform/export/axi_gpio_platform/sw/axi_gpio_platform/standalone_domain/bsplib/lib -o "axi_gpio_app.elf"  ./src/helloworld.o ./src/platform.o   -Wl,--start-group,-lxil,-lgcc,-lc,--end-group
'Finished building target: axi_gpio_app.elf'
' '
'Invoking: ARM v7 Print Size'
arm-none-eabi-size axi_gpio_app.elf  |tee "axi_gpio_app.elf.size"
   text	   data	    bss	    dec	    hex	filename
  23833	   1160	  22584	  47577	   b9d9	axi_gpio_app.elf
'Finished building: axi_gpio_app.elf.size'
' '
17:05:48 **** Incremental Build of configuration Debug for project axi_gpio_app_system ****
make all 
Generating bif file for the system project
generate_system_bif.bat 49674 C:/Xilinx/ECE520/02-AXI_GPIO/axi_gpio_jp/axi_gpio_vitis/axi_gpio_platform/export/axi_gpio_platform/axi_gpio_platform.xpfm standalone_domain C:/Xilinx/ECE520/02-AXI_GPIO/axi_gpio_jp/axi_gpio_vitis/axi_gpio_app_system/Debug/system.bif
ECHO is off.
ECHO is off.
sdcard_gen --xpfm C:/Xilinx/ECE520/02-AXI_GPIO/axi_gpio_jp/axi_gpio_vitis/axi_gpio_platform/export/axi_gpio_platform/axi_gpio_platform.xpfm --sys_config axi_gpio_platform --bif C:/Xilinx/ECE520/02-AXI_GPIO/axi_gpio_jp/axi_gpio_vitis/axi_gpio_app_system/Debug/system.bif --bitstream C:/Xilinx/ECE520/02-AXI_GPIO/axi_gpio_jp/axi_gpio_vitis/axi_gpio_app/_ide/bitstream/axi_gpio_jp_wrapper.bit --elf C:/Xilinx/ECE520/02-AXI_GPIO/axi_gpio_jp/axi_gpio_vitis/axi_gpio_app/Debug/axi_gpio_app.elf,ps7_cortexa9_0
ECHO is off.
ECHO is off.
creating BOOT.BIN using C:/Xilinx/ECE520/02-AXI_GPIO/axi_gpio_jp/axi_gpio_vitis/axi_gpio_app/_ide/bitstream/axi_gpio_jp_wrapper.bit
Running C:/Xilinx/Vitis/2023.1/bin/bootgen  -image C:/Xilinx/ECE520/02-AXI_GPIO/axi_gpio_jp/axi_gpio_vitis/axi_gpio_app_system/Debug/sd_card_temp/boot.bif -w -o i BOOT.BIN
